15:08:14 **** Clean-only build of configuration Debug for project HW05 ****
make -j8 clean 
rm -rf *
 
15:08:15 **** Build of configuration Debug for project HW05 ****
make -j8 all 
Building file: ../startup/startup_stm32f401xe.s
Building file: ../src/main.c
Invoking: MCU GCC Assembler
Building file: ../src/stm32f4xx_it.c
Invoking: MCU GCC Compiler
/home/d/Studies/Clang/HW/h5/HW05/Debug
Building file: ../src/syscalls.c
Invoking: MCU GCC Compiler
/home/d/Studies/Clang/HW/h5/HW05/Debug
arm-none-eabi-as -mcpu=cortex-m4 -mthumb -mfloat-abi=hard -mfpu=fpv4-sp-d16 -I"/home/d/Studies/Clang/HW/h5/HW05/inc" -I"/home/d/Studies/Clang/HW/h5/HW05/CMSIS/core" -I"/home/d/Studies/Clang/HW/h5/HW05/CMSIS/device" -I"/home/d/Studies/Clang/HW/h5/HW05/HAL_Driver/Inc/Legacy" -I"/home/d/Studies/Clang/HW/h5/HW05/HAL_Driver/Inc" -I"/home/d/Studies/Clang/HW/h5/HW05/Utilities/STM32F4xx-Nucleo" -g -o "startup/startup_stm32f401xe.o" "../startup/startup_stm32f401xe.s"
arm-none-eabi-gcc -mcpu=cortex-m4 -mthumb -mfloat-abi=hard -mfpu=fpv4-sp-d16 -DNUCLEO_F446RE -DSTM32F4 -DSTM32F446RETx -DSTM32 -DDEBUG -DUSE_HAL_DRIVER -DSTM32F446xx -I"/home/d/Studies/Clang/HW/h5/HW05/inc" -I"/home/d/Studies/Clang/HW/h5/HW05/lib" -I"/home/d/Studies/Clang/HW/h5/HW05/CMSIS/core" -I"/home/d/Studies/Clang/HW/h5/HW05/CMSIS/device" -I"/home/d/Studies/Clang/HW/h5/HW05/HAL_Driver/Inc/Legacy" -I"/home/d/Studies/Clang/HW/h5/HW05/HAL_Driver/Inc" -I"/home/d/Studies/Clang/HW/h5/HW05/Utilities/STM32F4xx-Nucleo" -O0 -g3 -Wall -fmessage-length=0 -ffunction-sections -c -MMD -MP -MF"src/main.d" -MT"src/main.o" -o "src/main.o" "../src/main.c"
Invoking: MCU GCC Compiler
/home/d/Studies/Clang/HW/h5/HW05/Debug
arm-none-eabi-gcc -mcpu=cortex-m4 -mthumb -mfloat-abi=hard -mfpu=fpv4-sp-d16 -DNUCLEO_F446RE -DSTM32F4 -DSTM32F446RETx -DSTM32 -DDEBUG -DUSE_HAL_DRIVER -DSTM32F446xx -I"/home/d/Studies/Clang/HW/h5/HW05/inc" -I"/home/d/Studies/Clang/HW/h5/HW05/lib" -I"/home/d/Studies/Clang/HW/h5/HW05/CMSIS/core" -I"/home/d/Studies/Clang/HW/h5/HW05/CMSIS/device" -I"/home/d/Studies/Clang/HW/h5/HW05/HAL_Driver/Inc/Legacy" -I"/home/d/Studies/Clang/HW/h5/HW05/HAL_Driver/Inc" -I"/home/d/Studies/Clang/HW/h5/HW05/Utilities/STM32F4xx-Nucleo" -O0 -g3 -Wall -fmessage-length=0 -ffunction-sections -c -MMD -MP -MF"src/stm32f4xx_it.d" -MT"src/stm32f4xx_it.o" -o "src/stm32f4xx_it.o" "../src/stm32f4xx_it.c"
/home/d/Studies/Clang/HW/h5/HW05/Debug
arm-none-eabi-gcc -mcpu=cortex-m4 -mthumb -mfloat-abi=hard -mfpu=fpv4-sp-d16 -DNUCLEO_F446RE -DSTM32F4 -DSTM32F446RETx -DSTM32 -DDEBUG -DUSE_HAL_DRIVER -DSTM32F446xx -I"/home/d/Studies/Clang/HW/h5/HW05/inc" -I"/home/d/Studies/Clang/HW/h5/HW05/lib" -I"/home/d/Studies/Clang/HW/h5/HW05/CMSIS/core" -I"/home/d/Studies/Clang/HW/h5/HW05/CMSIS/device" -I"/home/d/Studies/Clang/HW/h5/HW05/HAL_Driver/Inc/Legacy" -I"/home/d/Studies/Clang/HW/h5/HW05/HAL_Driver/Inc" -I"/home/d/Studies/Clang/HW/h5/HW05/Utilities/STM32F4xx-Nucleo" -O0 -g3 -Wall -fmessage-length=0 -ffunction-sections -c -MMD -MP -MF"src/syscalls.d" -MT"src/syscalls.o" -o "src/syscalls.o" "../src/syscalls.c"
Building file: ../src/system_stm32f4xx.c
Building file: ../lib/st7735.c
Invoking: MCU GCC Compiler
Finished building: ../startup/startup_stm32f401xe.s
Invoking: MCU GCC Compiler
/home/d/Studies/Clang/HW/h5/HW05/Debug
 
/home/d/Studies/Clang/HW/h5/HW05/Debug
arm-none-eabi-gcc -mcpu=cortex-m4 -mthumb -mfloat-abi=hard -mfpu=fpv4-sp-d16 -DNUCLEO_F446RE -DSTM32F4 -DSTM32F446RETx -DSTM32 -DDEBUG -DUSE_HAL_DRIVER -DSTM32F446xx -I"/home/d/Studies/Clang/HW/h5/HW05/inc" -I"/home/d/Studies/Clang/HW/h5/HW05/lib" -I"/home/d/Studies/Clang/HW/h5/HW05/CMSIS/core" -I"/home/d/Studies/Clang/HW/h5/HW05/CMSIS/device" -I"/home/d/Studies/Clang/HW/h5/HW05/HAL_Driver/Inc/Legacy" -I"/home/d/Studies/Clang/HW/h5/HW05/HAL_Driver/Inc" -I"/home/d/Studies/Clang/HW/h5/HW05/Utilities/STM32F4xx-Nucleo" -O0 -g3 -Wall -fmessage-length=0 -ffunction-sections -c -MMD -MP -MF"src/system_stm32f4xx.d" -MT"src/system_stm32f4xx.o" -o "src/system_stm32f4xx.o" "../src/system_stm32f4xx.c"
arm-none-eabi-gcc -mcpu=cortex-m4 -mthumb -mfloat-abi=hard -mfpu=fpv4-sp-d16 -DNUCLEO_F446RE -DSTM32F4 -DSTM32F446RETx -DSTM32 -DDEBUG -DUSE_HAL_DRIVER -DSTM32F446xx -I"/home/d/Studies/Clang/HW/h5/HW05/inc" -I"/home/d/Studies/Clang/HW/h5/HW05/lib" -I"/home/d/Studies/Clang/HW/h5/HW05/CMSIS/core" -I"/home/d/Studies/Clang/HW/h5/HW05/CMSIS/device" -I"/home/d/Studies/Clang/HW/h5/HW05/HAL_Driver/Inc/Legacy" -I"/home/d/Studies/Clang/HW/h5/HW05/HAL_Driver/Inc" -I"/home/d/Studies/Clang/HW/h5/HW05/Utilities/STM32F4xx-Nucleo" -O0 -g3 -Wall -fmessage-length=0 -ffunction-sections -c -MMD -MP -MF"lib/st7735.d" -MT"lib/st7735.o" -o "lib/st7735.o" "../lib/st7735.c"
Building file: ../lib/stm32_adafruit_lcd.c
Building file: ../lib/stm32_adafruit_sd.c
Building file: ../Utilities/STM32F4xx-Nucleo/stm32f4xx_nucleo.c
Invoking: MCU GCC Compiler
Invoking: MCU GCC Compiler
Invoking: MCU GCC Compiler
/home/d/Studies/Clang/HW/h5/HW05/Debug
/home/d/Studies/Clang/HW/h5/HW05/Debug
/home/d/Studies/Clang/HW/h5/HW05/Debug
arm-none-eabi-gcc -mcpu=cortex-m4 -mthumb -mfloat-abi=hard -mfpu=fpv4-sp-d16 -DNUCLEO_F446RE -DSTM32F4 -DSTM32F446RETx -DSTM32 -DDEBUG -DUSE_HAL_DRIVER -DSTM32F446xx -I"/home/d/Studies/Clang/HW/h5/HW05/inc" -I"/home/d/Studies/Clang/HW/h5/HW05/lib" -I"/home/d/Studies/Clang/HW/h5/HW05/CMSIS/core" -I"/home/d/Studies/Clang/HW/h5/HW05/CMSIS/device" -I"/home/d/Studies/Clang/HW/h5/HW05/HAL_Driver/Inc/Legacy" -I"/home/d/Studies/Clang/HW/h5/HW05/HAL_Driver/Inc" -I"/home/d/Studies/Clang/HW/h5/HW05/Utilities/STM32F4xx-Nucleo" -O0 -g3 -Wall -fmessage-length=0 -ffunction-sections -c -MMD -MP -MF"lib/stm32_adafruit_lcd.d" -MT"lib/stm32_adafruit_lcd.o" -o "lib/stm32_adafruit_lcd.o" "../lib/stm32_adafruit_lcd.c"
Finished building: ../src/syscalls.c
arm-none-eabi-gcc -mcpu=cortex-m4 -mthumb -mfloat-abi=hard -mfpu=fpv4-sp-d16 -DNUCLEO_F446RE -DSTM32F4 -DSTM32F446RETx -DSTM32 -DDEBUG -DUSE_HAL_DRIVER -DSTM32F446xx -I"/home/d/Studies/Clang/HW/h5/HW05/inc" -I"/home/d/Studies/Clang/HW/h5/HW05/lib" -I"/home/d/Studies/Clang/HW/h5/HW05/CMSIS/core" -I"/home/d/Studies/Clang/HW/h5/HW05/CMSIS/device" -I"/home/d/Studies/Clang/HW/h5/HW05/HAL_Driver/Inc/Legacy" -I"/home/d/Studies/Clang/HW/h5/HW05/HAL_Driver/Inc" -I"/home/d/Studies/Clang/HW/h5/HW05/Utilities/STM32F4xx-Nucleo" -O0 -g3 -Wall -fmessage-length=0 -ffunction-sections -c -MMD -MP -MF"lib/stm32_adafruit_sd.d" -MT"lib/stm32_adafruit_sd.o" -o "lib/stm32_adafruit_sd.o" "../lib/stm32_adafruit_sd.c"
arm-none-eabi-gcc -mcpu=cortex-m4 -mthumb -mfloat-abi=hard -mfpu=fpv4-sp-d16 -DNUCLEO_F446RE -DSTM32F4 -DSTM32F446RETx -DSTM32 -DDEBUG -DUSE_HAL_DRIVER -DSTM32F446xx -I"/home/d/Studies/Clang/HW/h5/HW05/inc" -I"/home/d/Studies/Clang/HW/h5/HW05/lib" -I"/home/d/Studies/Clang/HW/h5/HW05/CMSIS/core" -I"/home/d/Studies/Clang/HW/h5/HW05/CMSIS/device" -I"/home/d/Studies/Clang/HW/h5/HW05/HAL_Driver/Inc/Legacy" -I"/home/d/Studies/Clang/HW/h5/HW05/HAL_Driver/Inc" -I"/home/d/Studies/Clang/HW/h5/HW05/Utilities/STM32F4xx-Nucleo" -O0 -g3 -Wall -fmessage-length=0 -ffunction-sections -c -MMD -MP -MF"Utilities/STM32F4xx-Nucleo/stm32f4xx_nucleo.d" -MT"Utilities/STM32F4xx-Nucleo/stm32f4xx_nucleo.o" -o "Utilities/STM32F4xx-Nucleo/stm32f4xx_nucleo.o" "../Utilities/STM32F4xx-Nucleo/stm32f4xx_nucleo.c"
../src/main.c:530:6: warning: return type of 'main' is not 'int' [-Wmain]
 void main(void)
      ^~~~
../src/main.c: In function 'main':
../src/main.c:545:14: warning: variable 'uiSerRecv' set but not used [-Wunused-but-set-variable]
     uint32_t uiSerRecv;
              ^~~~~~~~~
../src/main.c:533:23: warning: variable 'uiSec' set but not used [-Wunused-but-set-variable]
     uint32_t uiTicks, uiSec;
                       ^~~~~
../src/main.c:533:14: warning: unused variable 'uiTicks' [-Wunused-variable]
     uint32_t uiTicks, uiSec;
              ^~~~~~~
At top level:
../src/main.c:287:21: warning: 'TFT_ShieldDetect' defined but not used [-Wunused-function]
 static ShieldStatus TFT_ShieldDetect(void)
                     ^~~~~~~~~~~~~~~~
 
Finished building: ../lib/st7735.c
Building file: ../HAL_Driver/Src/stm32f4xx_hal.c
 
Invoking: MCU GCC Compiler
Building file: ../HAL_Driver/Src/stm32f4xx_hal_adc.c
/home/d/Studies/Clang/HW/h5/HW05/Debug
arm-none-eabi-gcc -mcpu=cortex-m4 -mthumb -mfloat-abi=hard -mfpu=fpv4-sp-d16 -DNUCLEO_F446RE -DSTM32F4 -DSTM32F446RETx -DSTM32 -DDEBUG -DUSE_HAL_DRIVER -DSTM32F446xx -I"/home/d/Studies/Clang/HW/h5/HW05/inc" -I"/home/d/Studies/Clang/HW/h5/HW05/lib" -I"/home/d/Studies/Clang/HW/h5/HW05/CMSIS/core" -I"/home/d/Studies/Clang/HW/h5/HW05/CMSIS/device" -I"/home/d/Studies/Clang/HW/h5/HW05/HAL_Driver/Inc/Legacy" -I"/home/d/Studies/Clang/HW/h5/HW05/HAL_Driver/Inc" -I"/home/d/Studies/Clang/HW/h5/HW05/Utilities/STM32F4xx-Nucleo" -O0 -g3 -Wall -fmessage-length=0 -ffunction-sections -c -MMD -MP -MF"HAL_Driver/Src/stm32f4xx_hal.d" -MT"HAL_Driver/Src/stm32f4xx_hal.o" -o "HAL_Driver/Src/stm32f4xx_hal.o" "../HAL_Driver/Src/stm32f4xx_hal.c"
Invoking: MCU GCC Compiler
/home/d/Studies/Clang/HW/h5/HW05/Debug
arm-none-eabi-gcc -mcpu=cortex-m4 -mthumb -mfloat-abi=hard -mfpu=fpv4-sp-d16 -DNUCLEO_F446RE -DSTM32F4 -DSTM32F446RETx -DSTM32 -DDEBUG -DUSE_HAL_DRIVER -DSTM32F446xx -I"/home/d/Studies/Clang/HW/h5/HW05/inc" -I"/home/d/Studies/Clang/HW/h5/HW05/lib" -I"/home/d/Studies/Clang/HW/h5/HW05/CMSIS/core" -I"/home/d/Studies/Clang/HW/h5/HW05/CMSIS/device" -I"/home/d/Studies/Clang/HW/h5/HW05/HAL_Driver/Inc/Legacy" -I"/home/d/Studies/Clang/HW/h5/HW05/HAL_Driver/Inc" -I"/home/d/Studies/Clang/HW/h5/HW05/Utilities/STM32F4xx-Nucleo" -O0 -g3 -Wall -fmessage-length=0 -ffunction-sections -c -MMD -MP -MF"HAL_Driver/Src/stm32f4xx_hal_adc.d" -MT"HAL_Driver/Src/stm32f4xx_hal_adc.o" -o "HAL_Driver/Src/stm32f4xx_hal_adc.o" "../HAL_Driver/Src/stm32f4xx_hal_adc.c"
Finished building: ../lib/stm32_adafruit_sd.c
 
Building file: ../HAL_Driver/Src/stm32f4xx_hal_adc_ex.c
Invoking: MCU GCC Compiler
/home/d/Studies/Clang/HW/h5/HW05/Debug
arm-none-eabi-gcc -mcpu=cortex-m4 -mthumb -mfloat-abi=hard -mfpu=fpv4-sp-d16 -DNUCLEO_F446RE -DSTM32F4 -DSTM32F446RETx -DSTM32 -DDEBUG -DUSE_HAL_DRIVER -DSTM32F446xx -I"/home/d/Studies/Clang/HW/h5/HW05/inc" -I"/home/d/Studies/Clang/HW/h5/HW05/lib" -I"/home/d/Studies/Clang/HW/h5/HW05/CMSIS/core" -I"/home/d/Studies/Clang/HW/h5/HW05/CMSIS/device" -I"/home/d/Studies/Clang/HW/h5/HW05/HAL_Driver/Inc/Legacy" -I"/home/d/Studies/Clang/HW/h5/HW05/HAL_Driver/Inc" -I"/home/d/Studies/Clang/HW/h5/HW05/Utilities/STM32F4xx-Nucleo" -O0 -g3 -Wall -fmessage-length=0 -ffunction-sections -c -MMD -MP -MF"HAL_Driver/Src/stm32f4xx_hal_adc_ex.d" -MT"HAL_Driver/Src/stm32f4xx_hal_adc_ex.o" -o "HAL_Driver/Src/stm32f4xx_hal_adc_ex.o" "../HAL_Driver/Src/stm32f4xx_hal_adc_ex.c"
Finished building: ../lib/stm32_adafruit_lcd.c
 
Finished building: ../src/system_stm32f4xx.c
Finished building: ../src/stm32f4xx_it.c
 
Building file: ../HAL_Driver/Src/stm32f4xx_hal_can.c
Building file: ../HAL_Driver/Src/stm32f4xx_hal_cec.c
Invoking: MCU GCC Compiler
/home/d/Studies/Clang/HW/h5/HW05/Debug
Invoking: MCU GCC Compiler
arm-none-eabi-gcc -mcpu=cortex-m4 -mthumb -mfloat-abi=hard -mfpu=fpv4-sp-d16 -DNUCLEO_F446RE -DSTM32F4 -DSTM32F446RETx -DSTM32 -DDEBUG -DUSE_HAL_DRIVER -DSTM32F446xx -I"/home/d/Studies/Clang/HW/h5/HW05/inc" -I"/home/d/Studies/Clang/HW/h5/HW05/lib" -I"/home/d/Studies/Clang/HW/h5/HW05/CMSIS/core" -I"/home/d/Studies/Clang/HW/h5/HW05/CMSIS/device" -I"/home/d/Studies/Clang/HW/h5/HW05/HAL_Driver/Inc/Legacy" -I"/home/d/Studies/Clang/HW/h5/HW05/HAL_Driver/Inc" -I"/home/d/Studies/Clang/HW/h5/HW05/Utilities/STM32F4xx-Nucleo" -O0 -g3 -Wall -fmessage-length=0 -ffunction-sections -c -MMD -MP -MF"HAL_Driver/Src/stm32f4xx_hal_cec.d" -MT"HAL_Driver/Src/stm32f4xx_hal_cec.o" -o "HAL_Driver/Src/stm32f4xx_hal_cec.o" "../HAL_Driver/Src/stm32f4xx_hal_cec.c"
 
/home/d/Studies/Clang/HW/h5/HW05/Debug
Building file: ../HAL_Driver/Src/stm32f4xx_hal_cortex.c
arm-none-eabi-gcc -mcpu=cortex-m4 -mthumb -mfloat-abi=hard -mfpu=fpv4-sp-d16 -DNUCLEO_F446RE -DSTM32F4 -DSTM32F446RETx -DSTM32 -DDEBUG -DUSE_HAL_DRIVER -DSTM32F446xx -I"/home/d/Studies/Clang/HW/h5/HW05/inc" -I"/home/d/Studies/Clang/HW/h5/HW05/lib" -I"/home/d/Studies/Clang/HW/h5/HW05/CMSIS/core" -I"/home/d/Studies/Clang/HW/h5/HW05/CMSIS/device" -I"/home/d/Studies/Clang/HW/h5/HW05/HAL_Driver/Inc/Legacy" -I"/home/d/Studies/Clang/HW/h5/HW05/HAL_Driver/Inc" -I"/home/d/Studies/Clang/HW/h5/HW05/Utilities/STM32F4xx-Nucleo" -O0 -g3 -Wall -fmessage-length=0 -ffunction-sections -c -MMD -MP -MF"HAL_Driver/Src/stm32f4xx_hal_can.d" -MT"HAL_Driver/Src/stm32f4xx_hal_can.o" -o "HAL_Driver/Src/stm32f4xx_hal_can.o" "../HAL_Driver/Src/stm32f4xx_hal_can.c"
Finished building: ../src/main.c
Invoking: MCU GCC Compiler
 
/home/d/Studies/Clang/HW/h5/HW05/Debug
arm-none-eabi-gcc -mcpu=cortex-m4 -mthumb -mfloat-abi=hard -mfpu=fpv4-sp-d16 -DNUCLEO_F446RE -DSTM32F4 -DSTM32F446RETx -DSTM32 -DDEBUG -DUSE_HAL_DRIVER -DSTM32F446xx -I"/home/d/Studies/Clang/HW/h5/HW05/inc" -I"/home/d/Studies/Clang/HW/h5/HW05/lib" -I"/home/d/Studies/Clang/HW/h5/HW05/CMSIS/core" -I"/home/d/Studies/Clang/HW/h5/HW05/CMSIS/device" -I"/home/d/Studies/Clang/HW/h5/HW05/HAL_Driver/Inc/Legacy" -I"/home/d/Studies/Clang/HW/h5/HW05/HAL_Driver/Inc" -I"/home/d/Studies/Clang/HW/h5/HW05/Utilities/STM32F4xx-Nucleo" -O0 -g3 -Wall -fmessage-length=0 -ffunction-sections -c -MMD -MP -MF"HAL_Driver/Src/stm32f4xx_hal_cortex.d" -MT"HAL_Driver/Src/stm32f4xx_hal_cortex.o" -o "HAL_Driver/Src/stm32f4xx_hal_cortex.o" "../HAL_Driver/Src/stm32f4xx_hal_cortex.c"
Building file: ../HAL_Driver/Src/stm32f4xx_hal_crc.c
Invoking: MCU GCC Compiler
/home/d/Studies/Clang/HW/h5/HW05/Debug
arm-none-eabi-gcc -mcpu=cortex-m4 -mthumb -mfloat-abi=hard -mfpu=fpv4-sp-d16 -DNUCLEO_F446RE -DSTM32F4 -DSTM32F446RETx -DSTM32 -DDEBUG -DUSE_HAL_DRIVER -DSTM32F446xx -I"/home/d/Studies/Clang/HW/h5/HW05/inc" -I"/home/d/Studies/Clang/HW/h5/HW05/lib" -I"/home/d/Studies/Clang/HW/h5/HW05/CMSIS/core" -I"/home/d/Studies/Clang/HW/h5/HW05/CMSIS/device" -I"/home/d/Studies/Clang/HW/h5/HW05/HAL_Driver/Inc/Legacy" -I"/home/d/Studies/Clang/HW/h5/HW05/HAL_Driver/Inc" -I"/home/d/Studies/Clang/HW/h5/HW05/Utilities/STM32F4xx-Nucleo" -O0 -g3 -Wall -fmessage-length=0 -ffunction-sections -c -MMD -MP -MF"HAL_Driver/Src/stm32f4xx_hal_crc.d" -MT"HAL_Driver/Src/stm32f4xx_hal_crc.o" -o "HAL_Driver/Src/stm32f4xx_hal_crc.o" "../HAL_Driver/Src/stm32f4xx_hal_crc.c"
Finished building: ../HAL_Driver/Src/stm32f4xx_hal.c
 
Building file: ../HAL_Driver/Src/stm32f4xx_hal_cryp.c
Invoking: MCU GCC Compiler
/home/d/Studies/Clang/HW/h5/HW05/Debug
arm-none-eabi-gcc -mcpu=cortex-m4 -mthumb -mfloat-abi=hard -mfpu=fpv4-sp-d16 -DNUCLEO_F446RE -DSTM32F4 -DSTM32F446RETx -DSTM32 -DDEBUG -DUSE_HAL_DRIVER -DSTM32F446xx -I"/home/d/Studies/Clang/HW/h5/HW05/inc" -I"/home/d/Studies/Clang/HW/h5/HW05/lib" -I"/home/d/Studies/Clang/HW/h5/HW05/CMSIS/core" -I"/home/d/Studies/Clang/HW/h5/HW05/CMSIS/device" -I"/home/d/Studies/Clang/HW/h5/HW05/HAL_Driver/Inc/Legacy" -I"/home/d/Studies/Clang/HW/h5/HW05/HAL_Driver/Inc" -I"/home/d/Studies/Clang/HW/h5/HW05/Utilities/STM32F4xx-Nucleo" -O0 -g3 -Wall -fmessage-length=0 -ffunction-sections -c -MMD -MP -MF"HAL_Driver/Src/stm32f4xx_hal_cryp.d" -MT"HAL_Driver/Src/stm32f4xx_hal_cryp.o" -o "HAL_Driver/Src/stm32f4xx_hal_cryp.o" "../HAL_Driver/Src/stm32f4xx_hal_cryp.c"
Finished building: ../Utilities/STM32F4xx-Nucleo/stm32f4xx_nucleo.c
 
Building file: ../HAL_Driver/Src/stm32f4xx_hal_cryp_ex.c
Invoking: MCU GCC Compiler
/home/d/Studies/Clang/HW/h5/HW05/Debug
arm-none-eabi-gcc -mcpu=cortex-m4 -mthumb -mfloat-abi=hard -mfpu=fpv4-sp-d16 -DNUCLEO_F446RE -DSTM32F4 -DSTM32F446RETx -DSTM32 -DDEBUG -DUSE_HAL_DRIVER -DSTM32F446xx -I"/home/d/Studies/Clang/HW/h5/HW05/inc" -I"/home/d/Studies/Clang/HW/h5/HW05/lib" -I"/home/d/Studies/Clang/HW/h5/HW05/CMSIS/core" -I"/home/d/Studies/Clang/HW/h5/HW05/CMSIS/device" -I"/home/d/Studies/Clang/HW/h5/HW05/HAL_Driver/Inc/Legacy" -I"/home/d/Studies/Clang/HW/h5/HW05/HAL_Driver/Inc" -I"/home/d/Studies/Clang/HW/h5/HW05/Utilities/STM32F4xx-Nucleo" -O0 -g3 -Wall -fmessage-length=0 -ffunction-sections -c -MMD -MP -MF"HAL_Driver/Src/stm32f4xx_hal_cryp_ex.d" -MT"HAL_Driver/Src/stm32f4xx_hal_cryp_ex.o" -o "HAL_Driver/Src/stm32f4xx_hal_cryp_ex.o" "../HAL_Driver/Src/stm32f4xx_hal_cryp_ex.c"
Finished building: ../HAL_Driver/Src/stm32f4xx_hal_adc.c
 
Building file: ../HAL_Driver/Src/stm32f4xx_hal_dac.c
Invoking: MCU GCC Compiler
/home/d/Studies/Clang/HW/h5/HW05/Debug
arm-none-eabi-gcc -mcpu=cortex-m4 -mthumb -mfloat-abi=hard -mfpu=fpv4-sp-d16 -DNUCLEO_F446RE -DSTM32F4 -DSTM32F446RETx -DSTM32 -DDEBUG -DUSE_HAL_DRIVER -DSTM32F446xx -I"/home/d/Studies/Clang/HW/h5/HW05/inc" -I"/home/d/Studies/Clang/HW/h5/HW05/lib" -I"/home/d/Studies/Clang/HW/h5/HW05/CMSIS/core" -I"/home/d/Studies/Clang/HW/h5/HW05/CMSIS/device" -I"/home/d/Studies/Clang/HW/h5/HW05/HAL_Driver/Inc/Legacy" -I"/home/d/Studies/Clang/HW/h5/HW05/HAL_Driver/Inc" -I"/home/d/Studies/Clang/HW/h5/HW05/Utilities/STM32F4xx-Nucleo" -O0 -g3 -Wall -fmessage-length=0 -ffunction-sections -c -MMD -MP -MF"HAL_Driver/Src/stm32f4xx_hal_dac.d" -MT"HAL_Driver/Src/stm32f4xx_hal_dac.o" -o "HAL_Driver/Src/stm32f4xx_hal_dac.o" "../HAL_Driver/Src/stm32f4xx_hal_dac.c"
Finished building: ../HAL_Driver/Src/stm32f4xx_hal_cec.c
 
Finished building: ../HAL_Driver/Src/stm32f4xx_hal_adc_ex.c
Building file: ../HAL_Driver/Src/stm32f4xx_hal_dac_ex.c
 
Invoking: MCU GCC Compiler
Building file: ../HAL_Driver/Src/stm32f4xx_hal_dcmi.c
/home/d/Studies/Clang/HW/h5/HW05/Debug
arm-none-eabi-gcc -mcpu=cortex-m4 -mthumb -mfloat-abi=hard -mfpu=fpv4-sp-d16 -DNUCLEO_F446RE -DSTM32F4 -DSTM32F446RETx -DSTM32 -DDEBUG -DUSE_HAL_DRIVER -DSTM32F446xx -I"/home/d/Studies/Clang/HW/h5/HW05/inc" -I"/home/d/Studies/Clang/HW/h5/HW05/lib" -I"/home/d/Studies/Clang/HW/h5/HW05/CMSIS/core" -I"/home/d/Studies/Clang/HW/h5/HW05/CMSIS/device" -I"/home/d/Studies/Clang/HW/h5/HW05/HAL_Driver/Inc/Legacy" -I"/home/d/Studies/Clang/HW/h5/HW05/HAL_Driver/Inc" -I"/home/d/Studies/Clang/HW/h5/HW05/Utilities/STM32F4xx-Nucleo" -O0 -g3 -Wall -fmessage-length=0 -ffunction-sections -c -MMD -MP -MF"HAL_Driver/Src/stm32f4xx_hal_dac_ex.d" -MT"HAL_Driver/Src/stm32f4xx_hal_dac_ex.o" -o "HAL_Driver/Src/stm32f4xx_hal_dac_ex.o" "../HAL_Driver/Src/stm32f4xx_hal_dac_ex.c"
Invoking: MCU GCC Compiler
/home/d/Studies/Clang/HW/h5/HW05/Debug
arm-none-eabi-gcc -mcpu=cortex-m4 -mthumb -mfloat-abi=hard -mfpu=fpv4-sp-d16 -DNUCLEO_F446RE -DSTM32F4 -DSTM32F446RETx -DSTM32 -DDEBUG -DUSE_HAL_DRIVER -DSTM32F446xx -I"/home/d/Studies/Clang/HW/h5/HW05/inc" -I"/home/d/Studies/Clang/HW/h5/HW05/lib" -I"/home/d/Studies/Clang/HW/h5/HW05/CMSIS/core" -I"/home/d/Studies/Clang/HW/h5/HW05/CMSIS/device" -I"/home/d/Studies/Clang/HW/h5/HW05/HAL_Driver/Inc/Legacy" -I"/home/d/Studies/Clang/HW/h5/HW05/HAL_Driver/Inc" -I"/home/d/Studies/Clang/HW/h5/HW05/Utilities/STM32F4xx-Nucleo" -O0 -g3 -Wall -fmessage-length=0 -ffunction-sections -c -MMD -MP -MF"HAL_Driver/Src/stm32f4xx_hal_dcmi.d" -MT"HAL_Driver/Src/stm32f4xx_hal_dcmi.o" -o "HAL_Driver/Src/stm32f4xx_hal_dcmi.o" "../HAL_Driver/Src/stm32f4xx_hal_dcmi.c"
Finished building: ../HAL_Driver/Src/stm32f4xx_hal_can.c
Finished building: ../HAL_Driver/Src/stm32f4xx_hal_cortex.c
 
Finished building: ../HAL_Driver/Src/stm32f4xx_hal_cryp.c
Finished building: ../HAL_Driver/Src/stm32f4xx_hal_crc.c
 
 
 
Building file: ../HAL_Driver/Src/stm32f4xx_hal_dcmi_ex.c
Building file: ../HAL_Driver/Src/stm32f4xx_hal_dma.c
Invoking: MCU GCC Compiler
Invoking: MCU GCC Compiler
/home/d/Studies/Clang/HW/h5/HW05/Debug
arm-none-eabi-gcc -mcpu=cortex-m4 -mthumb -mfloat-abi=hard -mfpu=fpv4-sp-d16 -DNUCLEO_F446RE -DSTM32F4 -DSTM32F446RETx -DSTM32 -DDEBUG -DUSE_HAL_DRIVER -DSTM32F446xx -I"/home/d/Studies/Clang/HW/h5/HW05/inc" -I"/home/d/Studies/Clang/HW/h5/HW05/lib" -I"/home/d/Studies/Clang/HW/h5/HW05/CMSIS/core" -I"/home/d/Studies/Clang/HW/h5/HW05/CMSIS/device" -I"/home/d/Studies/Clang/HW/h5/HW05/HAL_Driver/Inc/Legacy" -I"/home/d/Studies/Clang/HW/h5/HW05/HAL_Driver/Inc" -I"/home/d/Studies/Clang/HW/h5/HW05/Utilities/STM32F4xx-Nucleo" -O0 -g3 -Wall -fmessage-length=0 -ffunction-sections -c -MMD -MP -MF"HAL_Driver/Src/stm32f4xx_hal_dcmi_ex.d" -MT"HAL_Driver/Src/stm32f4xx_hal_dcmi_ex.o" -o "HAL_Driver/Src/stm32f4xx_hal_dcmi_ex.o" "../HAL_Driver/Src/stm32f4xx_hal_dcmi_ex.c"
/home/d/Studies/Clang/HW/h5/HW05/Debug
arm-none-eabi-gcc -mcpu=cortex-m4 -mthumb -mfloat-abi=hard -mfpu=fpv4-sp-d16 -DNUCLEO_F446RE -DSTM32F4 -DSTM32F446RETx -DSTM32 -DDEBUG -DUSE_HAL_DRIVER -DSTM32F446xx -I"/home/d/Studies/Clang/HW/h5/HW05/inc" -I"/home/d/Studies/Clang/HW/h5/HW05/lib" -I"/home/d/Studies/Clang/HW/h5/HW05/CMSIS/core" -I"/home/d/Studies/Clang/HW/h5/HW05/CMSIS/device" -I"/home/d/Studies/Clang/HW/h5/HW05/HAL_Driver/Inc/Legacy" -I"/home/d/Studies/Clang/HW/h5/HW05/HAL_Driver/Inc" -I"/home/d/Studies/Clang/HW/h5/HW05/Utilities/STM32F4xx-Nucleo" -O0 -g3 -Wall -fmessage-length=0 -ffunction-sections -c -MMD -MP -MF"HAL_Driver/Src/stm32f4xx_hal_dma.d" -MT"HAL_Driver/Src/stm32f4xx_hal_dma.o" -o "HAL_Driver/Src/stm32f4xx_hal_dma.o" "../HAL_Driver/Src/stm32f4xx_hal_dma.c"
Building file: ../HAL_Driver/Src/stm32f4xx_hal_dma2d.c
Building file: ../HAL_Driver/Src/stm32f4xx_hal_dma_ex.c
Invoking: MCU GCC Compiler
Finished building: ../HAL_Driver/Src/stm32f4xx_hal_cryp_ex.c
Invoking: MCU GCC Compiler
/home/d/Studies/Clang/HW/h5/HW05/Debug
 
arm-none-eabi-gcc -mcpu=cortex-m4 -mthumb -mfloat-abi=hard -mfpu=fpv4-sp-d16 -DNUCLEO_F446RE -DSTM32F4 -DSTM32F446RETx -DSTM32 -DDEBUG -DUSE_HAL_DRIVER -DSTM32F446xx -I"/home/d/Studies/Clang/HW/h5/HW05/inc" -I"/home/d/Studies/Clang/HW/h5/HW05/lib" -I"/home/d/Studies/Clang/HW/h5/HW05/CMSIS/core" -I"/home/d/Studies/Clang/HW/h5/HW05/CMSIS/device" -I"/home/d/Studies/Clang/HW/h5/HW05/HAL_Driver/Inc/Legacy" -I"/home/d/Studies/Clang/HW/h5/HW05/HAL_Driver/Inc" -I"/home/d/Studies/Clang/HW/h5/HW05/Utilities/STM32F4xx-Nucleo" -O0 -g3 -Wall -fmessage-length=0 -ffunction-sections -c -MMD -MP -MF"HAL_Driver/Src/stm32f4xx_hal_dma2d.d" -MT"HAL_Driver/Src/stm32f4xx_hal_dma2d.o" -o "HAL_Driver/Src/stm32f4xx_hal_dma2d.o" "../HAL_Driver/Src/stm32f4xx_hal_dma2d.c"
/home/d/Studies/Clang/HW/h5/HW05/Debug
arm-none-eabi-gcc -mcpu=cortex-m4 -mthumb -mfloat-abi=hard -mfpu=fpv4-sp-d16 -DNUCLEO_F446RE -DSTM32F4 -DSTM32F446RETx -DSTM32 -DDEBUG -DUSE_HAL_DRIVER -DSTM32F446xx -I"/home/d/Studies/Clang/HW/h5/HW05/inc" -I"/home/d/Studies/Clang/HW/h5/HW05/lib" -I"/home/d/Studies/Clang/HW/h5/HW05/CMSIS/core" -I"/home/d/Studies/Clang/HW/h5/HW05/CMSIS/device" -I"/home/d/Studies/Clang/HW/h5/HW05/HAL_Driver/Inc/Legacy" -I"/home/d/Studies/Clang/HW/h5/HW05/HAL_Driver/Inc" -I"/home/d/Studies/Clang/HW/h5/HW05/Utilities/STM32F4xx-Nucleo" -O0 -g3 -Wall -fmessage-length=0 -ffunction-sections -c -MMD -MP -MF"HAL_Driver/Src/stm32f4xx_hal_dma_ex.d" -MT"HAL_Driver/Src/stm32f4xx_hal_dma_ex.o" -o "HAL_Driver/Src/stm32f4xx_hal_dma_ex.o" "../HAL_Driver/Src/stm32f4xx_hal_dma_ex.c"
Building file: ../HAL_Driver/Src/stm32f4xx_hal_dsi.c
Invoking: MCU GCC Compiler
Finished building: ../HAL_Driver/Src/stm32f4xx_hal_dac.c
/home/d/Studies/Clang/HW/h5/HW05/Debug
arm-none-eabi-gcc -mcpu=cortex-m4 -mthumb -mfloat-abi=hard -mfpu=fpv4-sp-d16 -DNUCLEO_F446RE -DSTM32F4 -DSTM32F446RETx -DSTM32 -DDEBUG -DUSE_HAL_DRIVER -DSTM32F446xx -I"/home/d/Studies/Clang/HW/h5/HW05/inc" -I"/home/d/Studies/Clang/HW/h5/HW05/lib" -I"/home/d/Studies/Clang/HW/h5/HW05/CMSIS/core" -I"/home/d/Studies/Clang/HW/h5/HW05/CMSIS/device" -I"/home/d/Studies/Clang/HW/h5/HW05/HAL_Driver/Inc/Legacy" -I"/home/d/Studies/Clang/HW/h5/HW05/HAL_Driver/Inc" -I"/home/d/Studies/Clang/HW/h5/HW05/Utilities/STM32F4xx-Nucleo" -O0 -g3 -Wall -fmessage-length=0 -ffunction-sections -c -MMD -MP -MF"HAL_Driver/Src/stm32f4xx_hal_dsi.d" -MT"HAL_Driver/Src/stm32f4xx_hal_dsi.o" -o "HAL_Driver/Src/stm32f4xx_hal_dsi.o" "../HAL_Driver/Src/stm32f4xx_hal_dsi.c"
 
Finished building: ../HAL_Driver/Src/stm32f4xx_hal_dac_ex.c
Building file: ../HAL_Driver/Src/stm32f4xx_hal_eth.c
 
Finished building: ../HAL_Driver/Src/stm32f4xx_hal_dcmi.c
Invoking: MCU GCC Compiler
 
Building file: ../HAL_Driver/Src/stm32f4xx_hal_flash.c
/home/d/Studies/Clang/HW/h5/HW05/Debug
Building file: ../HAL_Driver/Src/stm32f4xx_hal_flash_ex.c
Finished building: ../HAL_Driver/Src/stm32f4xx_hal_dcmi_ex.c
arm-none-eabi-gcc -mcpu=cortex-m4 -mthumb -mfloat-abi=hard -mfpu=fpv4-sp-d16 -DNUCLEO_F446RE -DSTM32F4 -DSTM32F446RETx -DSTM32 -DDEBUG -DUSE_HAL_DRIVER -DSTM32F446xx -I"/home/d/Studies/Clang/HW/h5/HW05/inc" -I"/home/d/Studies/Clang/HW/h5/HW05/lib" -I"/home/d/Studies/Clang/HW/h5/HW05/CMSIS/core" -I"/home/d/Studies/Clang/HW/h5/HW05/CMSIS/device" -I"/home/d/Studies/Clang/HW/h5/HW05/HAL_Driver/Inc/Legacy" -I"/home/d/Studies/Clang/HW/h5/HW05/HAL_Driver/Inc" -I"/home/d/Studies/Clang/HW/h5/HW05/Utilities/STM32F4xx-Nucleo" -O0 -g3 -Wall -fmessage-length=0 -ffunction-sections -c -MMD -MP -MF"HAL_Driver/Src/stm32f4xx_hal_eth.d" -MT"HAL_Driver/Src/stm32f4xx_hal_eth.o" -o "HAL_Driver/Src/stm32f4xx_hal_eth.o" "../HAL_Driver/Src/stm32f4xx_hal_eth.c"
Invoking: MCU GCC Compiler
Invoking: MCU GCC Compiler
 
/home/d/Studies/Clang/HW/h5/HW05/Debug
Finished building: ../HAL_Driver/Src/stm32f4xx_hal_dma.c
/home/d/Studies/Clang/HW/h5/HW05/Debug
arm-none-eabi-gcc -mcpu=cortex-m4 -mthumb -mfloat-abi=hard -mfpu=fpv4-sp-d16 -DNUCLEO_F446RE -DSTM32F4 -DSTM32F446RETx -DSTM32 -DDEBUG -DUSE_HAL_DRIVER -DSTM32F446xx -I"/home/d/Studies/Clang/HW/h5/HW05/inc" -I"/home/d/Studies/Clang/HW/h5/HW05/lib" -I"/home/d/Studies/Clang/HW/h5/HW05/CMSIS/core" -I"/home/d/Studies/Clang/HW/h5/HW05/CMSIS/device" -I"/home/d/Studies/Clang/HW/h5/HW05/HAL_Driver/Inc/Legacy" -I"/home/d/Studies/Clang/HW/h5/HW05/HAL_Driver/Inc" -I"/home/d/Studies/Clang/HW/h5/HW05/Utilities/STM32F4xx-Nucleo" -O0 -g3 -Wall -fmessage-length=0 -ffunction-sections -c -MMD -MP -MF"HAL_Driver/Src/stm32f4xx_hal_flash.d" -MT"HAL_Driver/Src/stm32f4xx_hal_flash.o" -o "HAL_Driver/Src/stm32f4xx_hal_flash.o" "../HAL_Driver/Src/stm32f4xx_hal_flash.c"
arm-none-eabi-gcc -mcpu=cortex-m4 -mthumb -mfloat-abi=hard -mfpu=fpv4-sp-d16 -DNUCLEO_F446RE -DSTM32F4 -DSTM32F446RETx -DSTM32 -DDEBUG -DUSE_HAL_DRIVER -DSTM32F446xx -I"/home/d/Studies/Clang/HW/h5/HW05/inc" -I"/home/d/Studies/Clang/HW/h5/HW05/lib" -I"/home/d/Studies/Clang/HW/h5/HW05/CMSIS/core" -I"/home/d/Studies/Clang/HW/h5/HW05/CMSIS/device" -I"/home/d/Studies/Clang/HW/h5/HW05/HAL_Driver/Inc/Legacy" -I"/home/d/Studies/Clang/HW/h5/HW05/HAL_Driver/Inc" -I"/home/d/Studies/Clang/HW/h5/HW05/Utilities/STM32F4xx-Nucleo" -O0 -g3 -Wall -fmessage-length=0 -ffunction-sections -c -MMD -MP -MF"HAL_Driver/Src/stm32f4xx_hal_flash_ex.d" -MT"HAL_Driver/Src/stm32f4xx_hal_flash_ex.o" -o "HAL_Driver/Src/stm32f4xx_hal_flash_ex.o" "../HAL_Driver/Src/stm32f4xx_hal_flash_ex.c"
 
Building file: ../HAL_Driver/Src/stm32f4xx_hal_flash_ramfunc.c
Building file: ../HAL_Driver/Src/stm32f4xx_hal_fmpi2c.c
Invoking: MCU GCC Compiler
Invoking: MCU GCC Compiler
/home/d/Studies/Clang/HW/h5/HW05/Debug
arm-none-eabi-gcc -mcpu=cortex-m4 -mthumb -mfloat-abi=hard -mfpu=fpv4-sp-d16 -DNUCLEO_F446RE -DSTM32F4 -DSTM32F446RETx -DSTM32 -DDEBUG -DUSE_HAL_DRIVER -DSTM32F446xx -I"/home/d/Studies/Clang/HW/h5/HW05/inc" -I"/home/d/Studies/Clang/HW/h5/HW05/lib" -I"/home/d/Studies/Clang/HW/h5/HW05/CMSIS/core" -I"/home/d/Studies/Clang/HW/h5/HW05/CMSIS/device" -I"/home/d/Studies/Clang/HW/h5/HW05/HAL_Driver/Inc/Legacy" -I"/home/d/Studies/Clang/HW/h5/HW05/HAL_Driver/Inc" -I"/home/d/Studies/Clang/HW/h5/HW05/Utilities/STM32F4xx-Nucleo" -O0 -g3 -Wall -fmessage-length=0 -ffunction-sections -c -MMD -MP -MF"HAL_Driver/Src/stm32f4xx_hal_flash_ramfunc.d" -MT"HAL_Driver/Src/stm32f4xx_hal_flash_ramfunc.o" -o "HAL_Driver/Src/stm32f4xx_hal_flash_ramfunc.o" "../HAL_Driver/Src/stm32f4xx_hal_flash_ramfunc.c"
/home/d/Studies/Clang/HW/h5/HW05/Debug
arm-none-eabi-gcc -mcpu=cortex-m4 -mthumb -mfloat-abi=hard -mfpu=fpv4-sp-d16 -DNUCLEO_F446RE -DSTM32F4 -DSTM32F446RETx -DSTM32 -DDEBUG -DUSE_HAL_DRIVER -DSTM32F446xx -I"/home/d/Studies/Clang/HW/h5/HW05/inc" -I"/home/d/Studies/Clang/HW/h5/HW05/lib" -I"/home/d/Studies/Clang/HW/h5/HW05/CMSIS/core" -I"/home/d/Studies/Clang/HW/h5/HW05/CMSIS/device" -I"/home/d/Studies/Clang/HW/h5/HW05/HAL_Driver/Inc/Legacy" -I"/home/d/Studies/Clang/HW/h5/HW05/HAL_Driver/Inc" -I"/home/d/Studies/Clang/HW/h5/HW05/Utilities/STM32F4xx-Nucleo" -O0 -g3 -Wall -fmessage-length=0 -ffunction-sections -c -MMD -MP -MF"HAL_Driver/Src/stm32f4xx_hal_fmpi2c.d" -MT"HAL_Driver/Src/stm32f4xx_hal_fmpi2c.o" -o "HAL_Driver/Src/stm32f4xx_hal_fmpi2c.o" "../HAL_Driver/Src/stm32f4xx_hal_fmpi2c.c"
Finished building: ../HAL_Driver/Src/stm32f4xx_hal_dma_ex.c
Finished building: ../HAL_Driver/Src/stm32f4xx_hal_dma2d.c
 
Finished building: ../HAL_Driver/Src/stm32f4xx_hal_dsi.c
 
 
Building file: ../HAL_Driver/Src/stm32f4xx_hal_fmpi2c_ex.c
Building file: ../HAL_Driver/Src/stm32f4xx_hal_gpio.c
Invoking: MCU GCC Compiler
Invoking: MCU GCC Compiler
/home/d/Studies/Clang/HW/h5/HW05/Debug
arm-none-eabi-gcc -mcpu=cortex-m4 -mthumb -mfloat-abi=hard -mfpu=fpv4-sp-d16 -DNUCLEO_F446RE -DSTM32F4 -DSTM32F446RETx -DSTM32 -DDEBUG -DUSE_HAL_DRIVER -DSTM32F446xx -I"/home/d/Studies/Clang/HW/h5/HW05/inc" -I"/home/d/Studies/Clang/HW/h5/HW05/lib" -I"/home/d/Studies/Clang/HW/h5/HW05/CMSIS/core" -I"/home/d/Studies/Clang/HW/h5/HW05/CMSIS/device" -I"/home/d/Studies/Clang/HW/h5/HW05/HAL_Driver/Inc/Legacy" -I"/home/d/Studies/Clang/HW/h5/HW05/HAL_Driver/Inc" -I"/home/d/Studies/Clang/HW/h5/HW05/Utilities/STM32F4xx-Nucleo" -O0 -g3 -Wall -fmessage-length=0 -ffunction-sections -c -MMD -MP -MF"HAL_Driver/Src/stm32f4xx_hal_fmpi2c_ex.d" -MT"HAL_Driver/Src/stm32f4xx_hal_fmpi2c_ex.o" -o "HAL_Driver/Src/stm32f4xx_hal_fmpi2c_ex.o" "../HAL_Driver/Src/stm32f4xx_hal_fmpi2c_ex.c"
/home/d/Studies/Clang/HW/h5/HW05/Debug
arm-none-eabi-gcc -mcpu=cortex-m4 -mthumb -mfloat-abi=hard -mfpu=fpv4-sp-d16 -DNUCLEO_F446RE -DSTM32F4 -DSTM32F446RETx -DSTM32 -DDEBUG -DUSE_HAL_DRIVER -DSTM32F446xx -I"/home/d/Studies/Clang/HW/h5/HW05/inc" -I"/home/d/Studies/Clang/HW/h5/HW05/lib" -I"/home/d/Studies/Clang/HW/h5/HW05/CMSIS/core" -I"/home/d/Studies/Clang/HW/h5/HW05/CMSIS/device" -I"/home/d/Studies/Clang/HW/h5/HW05/HAL_Driver/Inc/Legacy" -I"/home/d/Studies/Clang/HW/h5/HW05/HAL_Driver/Inc" -I"/home/d/Studies/Clang/HW/h5/HW05/Utilities/STM32F4xx-Nucleo" -O0 -g3 -Wall -fmessage-length=0 -ffunction-sections -c -MMD -MP -MF"HAL_Driver/Src/stm32f4xx_hal_gpio.d" -MT"HAL_Driver/Src/stm32f4xx_hal_gpio.o" -o "HAL_Driver/Src/stm32f4xx_hal_gpio.o" "../HAL_Driver/Src/stm32f4xx_hal_gpio.c"
Building file: ../HAL_Driver/Src/stm32f4xx_hal_hash.c
Invoking: MCU GCC Compiler
/home/d/Studies/Clang/HW/h5/HW05/Debug
arm-none-eabi-gcc -mcpu=cortex-m4 -mthumb -mfloat-abi=hard -mfpu=fpv4-sp-d16 -DNUCLEO_F446RE -DSTM32F4 -DSTM32F446RETx -DSTM32 -DDEBUG -DUSE_HAL_DRIVER -DSTM32F446xx -I"/home/d/Studies/Clang/HW/h5/HW05/inc" -I"/home/d/Studies/Clang/HW/h5/HW05/lib" -I"/home/d/Studies/Clang/HW/h5/HW05/CMSIS/core" -I"/home/d/Studies/Clang/HW/h5/HW05/CMSIS/device" -I"/home/d/Studies/Clang/HW/h5/HW05/HAL_Driver/Inc/Legacy" -I"/home/d/Studies/Clang/HW/h5/HW05/HAL_Driver/Inc" -I"/home/d/Studies/Clang/HW/h5/HW05/Utilities/STM32F4xx-Nucleo" -O0 -g3 -Wall -fmessage-length=0 -ffunction-sections -c -MMD -MP -MF"HAL_Driver/Src/stm32f4xx_hal_hash.d" -MT"HAL_Driver/Src/stm32f4xx_hal_hash.o" -o "HAL_Driver/Src/stm32f4xx_hal_hash.o" "../HAL_Driver/Src/stm32f4xx_hal_hash.c"
Finished building: ../HAL_Driver/Src/stm32f4xx_hal_eth.c
 
Building file: ../HAL_Driver/Src/stm32f4xx_hal_hash_ex.c
Invoking: MCU GCC Compiler
/home/d/Studies/Clang/HW/h5/HW05/Debug
Finished building: ../HAL_Driver/Src/stm32f4xx_hal_flash_ramfunc.c
arm-none-eabi-gcc -mcpu=cortex-m4 -mthumb -mfloat-abi=hard -mfpu=fpv4-sp-d16 -DNUCLEO_F446RE -DSTM32F4 -DSTM32F446RETx -DSTM32 -DDEBUG -DUSE_HAL_DRIVER -DSTM32F446xx -I"/home/d/Studies/Clang/HW/h5/HW05/inc" -I"/home/d/Studies/Clang/HW/h5/HW05/lib" -I"/home/d/Studies/Clang/HW/h5/HW05/CMSIS/core" -I"/home/d/Studies/Clang/HW/h5/HW05/CMSIS/device" -I"/home/d/Studies/Clang/HW/h5/HW05/HAL_Driver/Inc/Legacy" -I"/home/d/Studies/Clang/HW/h5/HW05/HAL_Driver/Inc" -I"/home/d/Studies/Clang/HW/h5/HW05/Utilities/STM32F4xx-Nucleo" -O0 -g3 -Wall -fmessage-length=0 -ffunction-sections -c -MMD -MP -MF"HAL_Driver/Src/stm32f4xx_hal_hash_ex.d" -MT"HAL_Driver/Src/stm32f4xx_hal_hash_ex.o" -o "HAL_Driver/Src/stm32f4xx_hal_hash_ex.o" "../HAL_Driver/Src/stm32f4xx_hal_hash_ex.c"
Finished building: ../HAL_Driver/Src/stm32f4xx_hal_fmpi2c.c
 
 
Building file: ../HAL_Driver/Src/stm32f4xx_hal_hcd.c
Building file: ../HAL_Driver/Src/stm32f4xx_hal_i2c.c
Invoking: MCU GCC Compiler
Invoking: MCU GCC Compiler
Finished building: ../HAL_Driver/Src/stm32f4xx_hal_flash.c
/home/d/Studies/Clang/HW/h5/HW05/Debug
/home/d/Studies/Clang/HW/h5/HW05/Debug
arm-none-eabi-gcc -mcpu=cortex-m4 -mthumb -mfloat-abi=hard -mfpu=fpv4-sp-d16 -DNUCLEO_F446RE -DSTM32F4 -DSTM32F446RETx -DSTM32 -DDEBUG -DUSE_HAL_DRIVER -DSTM32F446xx -I"/home/d/Studies/Clang/HW/h5/HW05/inc" -I"/home/d/Studies/Clang/HW/h5/HW05/lib" -I"/home/d/Studies/Clang/HW/h5/HW05/CMSIS/core" -I"/home/d/Studies/Clang/HW/h5/HW05/CMSIS/device" -I"/home/d/Studies/Clang/HW/h5/HW05/HAL_Driver/Inc/Legacy" -I"/home/d/Studies/Clang/HW/h5/HW05/HAL_Driver/Inc" -I"/home/d/Studies/Clang/HW/h5/HW05/Utilities/STM32F4xx-Nucleo" -O0 -g3 -Wall -fmessage-length=0 -ffunction-sections -c -MMD -MP -MF"HAL_Driver/Src/stm32f4xx_hal_hcd.d" -MT"HAL_Driver/Src/stm32f4xx_hal_hcd.o" -o "HAL_Driver/Src/stm32f4xx_hal_hcd.o" "../HAL_Driver/Src/stm32f4xx_hal_hcd.c"
 
arm-none-eabi-gcc -mcpu=cortex-m4 -mthumb -mfloat-abi=hard -mfpu=fpv4-sp-d16 -DNUCLEO_F446RE -DSTM32F4 -DSTM32F446RETx -DSTM32 -DDEBUG -DUSE_HAL_DRIVER -DSTM32F446xx -I"/home/d/Studies/Clang/HW/h5/HW05/inc" -I"/home/d/Studies/Clang/HW/h5/HW05/lib" -I"/home/d/Studies/Clang/HW/h5/HW05/CMSIS/core" -I"/home/d/Studies/Clang/HW/h5/HW05/CMSIS/device" -I"/home/d/Studies/Clang/HW/h5/HW05/HAL_Driver/Inc/Legacy" -I"/home/d/Studies/Clang/HW/h5/HW05/HAL_Driver/Inc" -I"/home/d/Studies/Clang/HW/h5/HW05/Utilities/STM32F4xx-Nucleo" -O0 -g3 -Wall -fmessage-length=0 -ffunction-sections -c -MMD -MP -MF"HAL_Driver/Src/stm32f4xx_hal_i2c.d" -MT"HAL_Driver/Src/stm32f4xx_hal_i2c.o" -o "HAL_Driver/Src/stm32f4xx_hal_i2c.o" "../HAL_Driver/Src/stm32f4xx_hal_i2c.c"
Building file: ../HAL_Driver/Src/stm32f4xx_hal_i2c_ex.c
Finished building: ../HAL_Driver/Src/stm32f4xx_hal_flash_ex.c
Invoking: MCU GCC Compiler
 
/home/d/Studies/Clang/HW/h5/HW05/Debug
Building file: ../HAL_Driver/Src/stm32f4xx_hal_i2s.c
arm-none-eabi-gcc -mcpu=cortex-m4 -mthumb -mfloat-abi=hard -mfpu=fpv4-sp-d16 -DNUCLEO_F446RE -DSTM32F4 -DSTM32F446RETx -DSTM32 -DDEBUG -DUSE_HAL_DRIVER -DSTM32F446xx -I"/home/d/Studies/Clang/HW/h5/HW05/inc" -I"/home/d/Studies/Clang/HW/h5/HW05/lib" -I"/home/d/Studies/Clang/HW/h5/HW05/CMSIS/core" -I"/home/d/Studies/Clang/HW/h5/HW05/CMSIS/device" -I"/home/d/Studies/Clang/HW/h5/HW05/HAL_Driver/Inc/Legacy" -I"/home/d/Studies/Clang/HW/h5/HW05/HAL_Driver/Inc" -I"/home/d/Studies/Clang/HW/h5/HW05/Utilities/STM32F4xx-Nucleo" -O0 -g3 -Wall -fmessage-length=0 -ffunction-sections -c -MMD -MP -MF"HAL_Driver/Src/stm32f4xx_hal_i2c_ex.d" -MT"HAL_Driver/Src/stm32f4xx_hal_i2c_ex.o" -o "HAL_Driver/Src/stm32f4xx_hal_i2c_ex.o" "../HAL_Driver/Src/stm32f4xx_hal_i2c_ex.c"
Finished building: ../HAL_Driver/Src/stm32f4xx_hal_fmpi2c_ex.c
Invoking: MCU GCC Compiler
 
/home/d/Studies/Clang/HW/h5/HW05/Debug
arm-none-eabi-gcc -mcpu=cortex-m4 -mthumb -mfloat-abi=hard -mfpu=fpv4-sp-d16 -DNUCLEO_F446RE -DSTM32F4 -DSTM32F446RETx -DSTM32 -DDEBUG -DUSE_HAL_DRIVER -DSTM32F446xx -I"/home/d/Studies/Clang/HW/h5/HW05/inc" -I"/home/d/Studies/Clang/HW/h5/HW05/lib" -I"/home/d/Studies/Clang/HW/h5/HW05/CMSIS/core" -I"/home/d/Studies/Clang/HW/h5/HW05/CMSIS/device" -I"/home/d/Studies/Clang/HW/h5/HW05/HAL_Driver/Inc/Legacy" -I"/home/d/Studies/Clang/HW/h5/HW05/HAL_Driver/Inc" -I"/home/d/Studies/Clang/HW/h5/HW05/Utilities/STM32F4xx-Nucleo" -O0 -g3 -Wall -fmessage-length=0 -ffunction-sections -c -MMD -MP -MF"HAL_Driver/Src/stm32f4xx_hal_i2s.d" -MT"HAL_Driver/Src/stm32f4xx_hal_i2s.o" -o "HAL_Driver/Src/stm32f4xx_hal_i2s.o" "../HAL_Driver/Src/stm32f4xx_hal_i2s.c"
Building file: ../HAL_Driver/Src/stm32f4xx_hal_i2s_ex.c
Invoking: MCU GCC Compiler
/home/d/Studies/Clang/HW/h5/HW05/Debug
arm-none-eabi-gcc -mcpu=cortex-m4 -mthumb -mfloat-abi=hard -mfpu=fpv4-sp-d16 -DNUCLEO_F446RE -DSTM32F4 -DSTM32F446RETx -DSTM32 -DDEBUG -DUSE_HAL_DRIVER -DSTM32F446xx -I"/home/d/Studies/Clang/HW/h5/HW05/inc" -I"/home/d/Studies/Clang/HW/h5/HW05/lib" -I"/home/d/Studies/Clang/HW/h5/HW05/CMSIS/core" -I"/home/d/Studies/Clang/HW/h5/HW05/CMSIS/device" -I"/home/d/Studies/Clang/HW/h5/HW05/HAL_Driver/Inc/Legacy" -I"/home/d/Studies/Clang/HW/h5/HW05/HAL_Driver/Inc" -I"/home/d/Studies/Clang/HW/h5/HW05/Utilities/STM32F4xx-Nucleo" -O0 -g3 -Wall -fmessage-length=0 -ffunction-sections -c -MMD -MP -MF"HAL_Driver/Src/stm32f4xx_hal_i2s_ex.d" -MT"HAL_Driver/Src/stm32f4xx_hal_i2s_ex.o" -o "HAL_Driver/Src/stm32f4xx_hal_i2s_ex.o" "../HAL_Driver/Src/stm32f4xx_hal_i2s_ex.c"
Finished building: ../HAL_Driver/Src/stm32f4xx_hal_hash.c
Finished building: ../HAL_Driver/Src/stm32f4xx_hal_gpio.c
 
 
Building file: ../HAL_Driver/Src/stm32f4xx_hal_irda.c
Building file: ../HAL_Driver/Src/stm32f4xx_hal_iwdg.c
Invoking: MCU GCC Compiler
Invoking: MCU GCC Compiler
/home/d/Studies/Clang/HW/h5/HW05/Debug
arm-none-eabi-gcc -mcpu=cortex-m4 -mthumb -mfloat-abi=hard -mfpu=fpv4-sp-d16 -DNUCLEO_F446RE -DSTM32F4 -DSTM32F446RETx -DSTM32 -DDEBUG -DUSE_HAL_DRIVER -DSTM32F446xx -I"/home/d/Studies/Clang/HW/h5/HW05/inc" -I"/home/d/Studies/Clang/HW/h5/HW05/lib" -I"/home/d/Studies/Clang/HW/h5/HW05/CMSIS/core" -I"/home/d/Studies/Clang/HW/h5/HW05/CMSIS/device" -I"/home/d/Studies/Clang/HW/h5/HW05/HAL_Driver/Inc/Legacy" -I"/home/d/Studies/Clang/HW/h5/HW05/HAL_Driver/Inc" -I"/home/d/Studies/Clang/HW/h5/HW05/Utilities/STM32F4xx-Nucleo" -O0 -g3 -Wall -fmessage-length=0 -ffunction-sections -c -MMD -MP -MF"HAL_Driver/Src/stm32f4xx_hal_irda.d" -MT"HAL_Driver/Src/stm32f4xx_hal_irda.o" -o "HAL_Driver/Src/stm32f4xx_hal_irda.o" "../HAL_Driver/Src/stm32f4xx_hal_irda.c"
/home/d/Studies/Clang/HW/h5/HW05/Debug
arm-none-eabi-gcc -mcpu=cortex-m4 -mthumb -mfloat-abi=hard -mfpu=fpv4-sp-d16 -DNUCLEO_F446RE -DSTM32F4 -DSTM32F446RETx -DSTM32 -DDEBUG -DUSE_HAL_DRIVER -DSTM32F446xx -I"/home/d/Studies/Clang/HW/h5/HW05/inc" -I"/home/d/Studies/Clang/HW/h5/HW05/lib" -I"/home/d/Studies/Clang/HW/h5/HW05/CMSIS/core" -I"/home/d/Studies/Clang/HW/h5/HW05/CMSIS/device" -I"/home/d/Studies/Clang/HW/h5/HW05/HAL_Driver/Inc/Legacy" -I"/home/d/Studies/Clang/HW/h5/HW05/HAL_Driver/Inc" -I"/home/d/Studies/Clang/HW/h5/HW05/Utilities/STM32F4xx-Nucleo" -O0 -g3 -Wall -fmessage-length=0 -ffunction-sections -c -MMD -MP -MF"HAL_Driver/Src/stm32f4xx_hal_iwdg.d" -MT"HAL_Driver/Src/stm32f4xx_hal_iwdg.o" -o "HAL_Driver/Src/stm32f4xx_hal_iwdg.o" "../HAL_Driver/Src/stm32f4xx_hal_iwdg.c"
Finished building: ../HAL_Driver/Src/stm32f4xx_hal_hash_ex.c
 
Finished building: ../HAL_Driver/Src/stm32f4xx_hal_i2c_ex.c
Building file: ../HAL_Driver/Src/stm32f4xx_hal_lptim.c
 
Invoking: MCU GCC Compiler
Building file: ../HAL_Driver/Src/stm32f4xx_hal_ltdc.c
/home/d/Studies/Clang/HW/h5/HW05/Debug
arm-none-eabi-gcc -mcpu=cortex-m4 -mthumb -mfloat-abi=hard -mfpu=fpv4-sp-d16 -DNUCLEO_F446RE -DSTM32F4 -DSTM32F446RETx -DSTM32 -DDEBUG -DUSE_HAL_DRIVER -DSTM32F446xx -I"/home/d/Studies/Clang/HW/h5/HW05/inc" -I"/home/d/Studies/Clang/HW/h5/HW05/lib" -I"/home/d/Studies/Clang/HW/h5/HW05/CMSIS/core" -I"/home/d/Studies/Clang/HW/h5/HW05/CMSIS/device" -I"/home/d/Studies/Clang/HW/h5/HW05/HAL_Driver/Inc/Legacy" -I"/home/d/Studies/Clang/HW/h5/HW05/HAL_Driver/Inc" -I"/home/d/Studies/Clang/HW/h5/HW05/Utilities/STM32F4xx-Nucleo" -O0 -g3 -Wall -fmessage-length=0 -ffunction-sections -c -MMD -MP -MF"HAL_Driver/Src/stm32f4xx_hal_lptim.d" -MT"HAL_Driver/Src/stm32f4xx_hal_lptim.o" -o "HAL_Driver/Src/stm32f4xx_hal_lptim.o" "../HAL_Driver/Src/stm32f4xx_hal_lptim.c"
Invoking: MCU GCC Compiler
/home/d/Studies/Clang/HW/h5/HW05/Debug
arm-none-eabi-gcc -mcpu=cortex-m4 -mthumb -mfloat-abi=hard -mfpu=fpv4-sp-d16 -DNUCLEO_F446RE -DSTM32F4 -DSTM32F446RETx -DSTM32 -DDEBUG -DUSE_HAL_DRIVER -DSTM32F446xx -I"/home/d/Studies/Clang/HW/h5/HW05/inc" -I"/home/d/Studies/Clang/HW/h5/HW05/lib" -I"/home/d/Studies/Clang/HW/h5/HW05/CMSIS/core" -I"/home/d/Studies/Clang/HW/h5/HW05/CMSIS/device" -I"/home/d/Studies/Clang/HW/h5/HW05/HAL_Driver/Inc/Legacy" -I"/home/d/Studies/Clang/HW/h5/HW05/HAL_Driver/Inc" -I"/home/d/Studies/Clang/HW/h5/HW05/Utilities/STM32F4xx-Nucleo" -O0 -g3 -Wall -fmessage-length=0 -ffunction-sections -c -MMD -MP -MF"HAL_Driver/Src/stm32f4xx_hal_ltdc.d" -MT"HAL_Driver/Src/stm32f4xx_hal_ltdc.o" -o "HAL_Driver/Src/stm32f4xx_hal_ltdc.o" "../HAL_Driver/Src/stm32f4xx_hal_ltdc.c"
Finished building: ../HAL_Driver/Src/stm32f4xx_hal_hcd.c
 
Building file: ../HAL_Driver/Src/stm32f4xx_hal_ltdc_ex.c
Invoking: MCU GCC Compiler
/home/d/Studies/Clang/HW/h5/HW05/Debug
arm-none-eabi-gcc -mcpu=cortex-m4 -mthumb -mfloat-abi=hard -mfpu=fpv4-sp-d16 -DNUCLEO_F446RE -DSTM32F4 -DSTM32F446RETx -DSTM32 -DDEBUG -DUSE_HAL_DRIVER -DSTM32F446xx -I"/home/d/Studies/Clang/HW/h5/HW05/inc" -I"/home/d/Studies/Clang/HW/h5/HW05/lib" -I"/home/d/Studies/Clang/HW/h5/HW05/CMSIS/core" -I"/home/d/Studies/Clang/HW/h5/HW05/CMSIS/device" -I"/home/d/Studies/Clang/HW/h5/HW05/HAL_Driver/Inc/Legacy" -I"/home/d/Studies/Clang/HW/h5/HW05/HAL_Driver/Inc" -I"/home/d/Studies/Clang/HW/h5/HW05/Utilities/STM32F4xx-Nucleo" -O0 -g3 -Wall -fmessage-length=0 -ffunction-sections -c -MMD -MP -MF"HAL_Driver/Src/stm32f4xx_hal_ltdc_ex.d" -MT"HAL_Driver/Src/stm32f4xx_hal_ltdc_ex.o" -o "HAL_Driver/Src/stm32f4xx_hal_ltdc_ex.o" "../HAL_Driver/Src/stm32f4xx_hal_ltdc_ex.c"
Finished building: ../HAL_Driver/Src/stm32f4xx_hal_i2s.c
 
Building file: ../HAL_Driver/Src/stm32f4xx_hal_msp_template.c
Invoking: MCU GCC Compiler
/home/d/Studies/Clang/HW/h5/HW05/Debug
arm-none-eabi-gcc -mcpu=cortex-m4 -mthumb -mfloat-abi=hard -mfpu=fpv4-sp-d16 -DNUCLEO_F446RE -DSTM32F4 -DSTM32F446RETx -DSTM32 -DDEBUG -DUSE_HAL_DRIVER -DSTM32F446xx -I"/home/d/Studies/Clang/HW/h5/HW05/inc" -I"/home/d/Studies/Clang/HW/h5/HW05/lib" -I"/home/d/Studies/Clang/HW/h5/HW05/CMSIS/core" -I"/home/d/Studies/Clang/HW/h5/HW05/CMSIS/device" -I"/home/d/Studies/Clang/HW/h5/HW05/HAL_Driver/Inc/Legacy" -I"/home/d/Studies/Clang/HW/h5/HW05/HAL_Driver/Inc" -I"/home/d/Studies/Clang/HW/h5/HW05/Utilities/STM32F4xx-Nucleo" -O0 -g3 -Wall -fmessage-length=0 -ffunction-sections -c -MMD -MP -MF"HAL_Driver/Src/stm32f4xx_hal_msp_template.d" -MT"HAL_Driver/Src/stm32f4xx_hal_msp_template.o" -o "HAL_Driver/Src/stm32f4xx_hal_msp_template.o" "../HAL_Driver/Src/stm32f4xx_hal_msp_template.c"
Finished building: ../HAL_Driver/Src/stm32f4xx_hal_i2c.c
 
Building file: ../HAL_Driver/Src/stm32f4xx_hal_nand.c
Invoking: MCU GCC Compiler
/home/d/Studies/Clang/HW/h5/HW05/Debug
arm-none-eabi-gcc -mcpu=cortex-m4 -mthumb -mfloat-abi=hard -mfpu=fpv4-sp-d16 -DNUCLEO_F446RE -DSTM32F4 -DSTM32F446RETx -DSTM32 -DDEBUG -DUSE_HAL_DRIVER -DSTM32F446xx -I"/home/d/Studies/Clang/HW/h5/HW05/inc" -I"/home/d/Studies/Clang/HW/h5/HW05/lib" -I"/home/d/Studies/Clang/HW/h5/HW05/CMSIS/core" -I"/home/d/Studies/Clang/HW/h5/HW05/CMSIS/device" -I"/home/d/Studies/Clang/HW/h5/HW05/HAL_Driver/Inc/Legacy" -I"/home/d/Studies/Clang/HW/h5/HW05/HAL_Driver/Inc" -I"/home/d/Studies/Clang/HW/h5/HW05/Utilities/STM32F4xx-Nucleo" -O0 -g3 -Wall -fmessage-length=0 -ffunction-sections -c -MMD -MP -MF"HAL_Driver/Src/stm32f4xx_hal_nand.d" -MT"HAL_Driver/Src/stm32f4xx_hal_nand.o" -o "HAL_Driver/Src/stm32f4xx_hal_nand.o" "../HAL_Driver/Src/stm32f4xx_hal_nand.c"
Finished building: ../HAL_Driver/Src/stm32f4xx_hal_i2s_ex.c
 
Building file: ../HAL_Driver/Src/stm32f4xx_hal_nor.c
Invoking: MCU GCC Compiler
/home/d/Studies/Clang/HW/h5/HW05/Debug
arm-none-eabi-gcc -mcpu=cortex-m4 -mthumb -mfloat-abi=hard -mfpu=fpv4-sp-d16 -DNUCLEO_F446RE -DSTM32F4 -DSTM32F446RETx -DSTM32 -DDEBUG -DUSE_HAL_DRIVER -DSTM32F446xx -I"/home/d/Studies/Clang/HW/h5/HW05/inc" -I"/home/d/Studies/Clang/HW/h5/HW05/lib" -I"/home/d/Studies/Clang/HW/h5/HW05/CMSIS/core" -I"/home/d/Studies/Clang/HW/h5/HW05/CMSIS/device" -I"/home/d/Studies/Clang/HW/h5/HW05/HAL_Driver/Inc/Legacy" -I"/home/d/Studies/Clang/HW/h5/HW05/HAL_Driver/Inc" -I"/home/d/Studies/Clang/HW/h5/HW05/Utilities/STM32F4xx-Nucleo" -O0 -g3 -Wall -fmessage-length=0 -ffunction-sections -c -MMD -MP -MF"HAL_Driver/Src/stm32f4xx_hal_nor.d" -MT"HAL_Driver/Src/stm32f4xx_hal_nor.o" -o "HAL_Driver/Src/stm32f4xx_hal_nor.o" "../HAL_Driver/Src/stm32f4xx_hal_nor.c"
Finished building: ../HAL_Driver/Src/stm32f4xx_hal_iwdg.c
 
Building file: ../HAL_Driver/Src/stm32f4xx_hal_pccard.c
Invoking: MCU GCC Compiler
/home/d/Studies/Clang/HW/h5/HW05/Debug
arm-none-eabi-gcc -mcpu=cortex-m4 -mthumb -mfloat-abi=hard -mfpu=fpv4-sp-d16 -DNUCLEO_F446RE -DSTM32F4 -DSTM32F446RETx -DSTM32 -DDEBUG -DUSE_HAL_DRIVER -DSTM32F446xx -I"/home/d/Studies/Clang/HW/h5/HW05/inc" -I"/home/d/Studies/Clang/HW/h5/HW05/lib" -I"/home/d/Studies/Clang/HW/h5/HW05/CMSIS/core" -I"/home/d/Studies/Clang/HW/h5/HW05/CMSIS/device" -I"/home/d/Studies/Clang/HW/h5/HW05/HAL_Driver/Inc/Legacy" -I"/home/d/Studies/Clang/HW/h5/HW05/HAL_Driver/Inc" -I"/home/d/Studies/Clang/HW/h5/HW05/Utilities/STM32F4xx-Nucleo" -O0 -g3 -Wall -fmessage-length=0 -ffunction-sections -c -MMD -MP -MF"HAL_Driver/Src/stm32f4xx_hal_pccard.d" -MT"HAL_Driver/Src/stm32f4xx_hal_pccard.o" -o "HAL_Driver/Src/stm32f4xx_hal_pccard.o" "../HAL_Driver/Src/stm32f4xx_hal_pccard.c"
Finished building: ../HAL_Driver/Src/stm32f4xx_hal_lptim.c
Finished building: ../HAL_Driver/Src/stm32f4xx_hal_ltdc.c
 
 
Building file: ../HAL_Driver/Src/stm32f4xx_hal_pcd.c
Finished building: ../HAL_Driver/Src/stm32f4xx_hal_irda.c
Invoking: MCU GCC Compiler
 
/home/d/Studies/Clang/HW/h5/HW05/Debug
arm-none-eabi-gcc -mcpu=cortex-m4 -mthumb -mfloat-abi=hard -mfpu=fpv4-sp-d16 -DNUCLEO_F446RE -DSTM32F4 -DSTM32F446RETx -DSTM32 -DDEBUG -DUSE_HAL_DRIVER -DSTM32F446xx -I"/home/d/Studies/Clang/HW/h5/HW05/inc" -I"/home/d/Studies/Clang/HW/h5/HW05/lib" -I"/home/d/Studies/Clang/HW/h5/HW05/CMSIS/core" -I"/home/d/Studies/Clang/HW/h5/HW05/CMSIS/device" -I"/home/d/Studies/Clang/HW/h5/HW05/HAL_Driver/Inc/Legacy" -I"/home/d/Studies/Clang/HW/h5/HW05/HAL_Driver/Inc" -I"/home/d/Studies/Clang/HW/h5/HW05/Utilities/STM32F4xx-Nucleo" -O0 -g3 -Wall -fmessage-length=0 -ffunction-sections -c -MMD -MP -MF"HAL_Driver/Src/stm32f4xx_hal_pcd.d" -MT"HAL_Driver/Src/stm32f4xx_hal_pcd.o" -o "HAL_Driver/Src/stm32f4xx_hal_pcd.o" "../HAL_Driver/Src/stm32f4xx_hal_pcd.c"
Finished building: ../HAL_Driver/Src/stm32f4xx_hal_ltdc_ex.c
Building file: ../HAL_Driver/Src/stm32f4xx_hal_pcd_ex.c
Invoking: MCU GCC Compiler
 
/home/d/Studies/Clang/HW/h5/HW05/Debug
arm-none-eabi-gcc -mcpu=cortex-m4 -mthumb -mfloat-abi=hard -mfpu=fpv4-sp-d16 -DNUCLEO_F446RE -DSTM32F4 -DSTM32F446RETx -DSTM32 -DDEBUG -DUSE_HAL_DRIVER -DSTM32F446xx -I"/home/d/Studies/Clang/HW/h5/HW05/inc" -I"/home/d/Studies/Clang/HW/h5/HW05/lib" -I"/home/d/Studies/Clang/HW/h5/HW05/CMSIS/core" -I"/home/d/Studies/Clang/HW/h5/HW05/CMSIS/device" -I"/home/d/Studies/Clang/HW/h5/HW05/HAL_Driver/Inc/Legacy" -I"/home/d/Studies/Clang/HW/h5/HW05/HAL_Driver/Inc" -I"/home/d/Studies/Clang/HW/h5/HW05/Utilities/STM32F4xx-Nucleo" -O0 -g3 -Wall -fmessage-length=0 -ffunction-sections -c -MMD -MP -MF"HAL_Driver/Src/stm32f4xx_hal_pcd_ex.d" -MT"HAL_Driver/Src/stm32f4xx_hal_pcd_ex.o" -o "HAL_Driver/Src/stm32f4xx_hal_pcd_ex.o" "../HAL_Driver/Src/stm32f4xx_hal_pcd_ex.c"
Building file: ../HAL_Driver/Src/stm32f4xx_hal_pwr.c
Invoking: MCU GCC Compiler
Building file: ../HAL_Driver/Src/stm32f4xx_hal_pwr_ex.c
/home/d/Studies/Clang/HW/h5/HW05/Debug
Finished building: ../HAL_Driver/Src/stm32f4xx_hal_msp_template.c
arm-none-eabi-gcc -mcpu=cortex-m4 -mthumb -mfloat-abi=hard -mfpu=fpv4-sp-d16 -DNUCLEO_F446RE -DSTM32F4 -DSTM32F446RETx -DSTM32 -DDEBUG -DUSE_HAL_DRIVER -DSTM32F446xx -I"/home/d/Studies/Clang/HW/h5/HW05/inc" -I"/home/d/Studies/Clang/HW/h5/HW05/lib" -I"/home/d/Studies/Clang/HW/h5/HW05/CMSIS/core" -I"/home/d/Studies/Clang/HW/h5/HW05/CMSIS/device" -I"/home/d/Studies/Clang/HW/h5/HW05/HAL_Driver/Inc/Legacy" -I"/home/d/Studies/Clang/HW/h5/HW05/HAL_Driver/Inc" -I"/home/d/Studies/Clang/HW/h5/HW05/Utilities/STM32F4xx-Nucleo" -O0 -g3 -Wall -fmessage-length=0 -ffunction-sections -c -MMD -MP -MF"HAL_Driver/Src/stm32f4xx_hal_pwr.d" -MT"HAL_Driver/Src/stm32f4xx_hal_pwr.o" -o "HAL_Driver/Src/stm32f4xx_hal_pwr.o" "../HAL_Driver/Src/stm32f4xx_hal_pwr.c"
Invoking: MCU GCC Compiler
 
/home/d/Studies/Clang/HW/h5/HW05/Debug
arm-none-eabi-gcc -mcpu=cortex-m4 -mthumb -mfloat-abi=hard -mfpu=fpv4-sp-d16 -DNUCLEO_F446RE -DSTM32F4 -DSTM32F446RETx -DSTM32 -DDEBUG -DUSE_HAL_DRIVER -DSTM32F446xx -I"/home/d/Studies/Clang/HW/h5/HW05/inc" -I"/home/d/Studies/Clang/HW/h5/HW05/lib" -I"/home/d/Studies/Clang/HW/h5/HW05/CMSIS/core" -I"/home/d/Studies/Clang/HW/h5/HW05/CMSIS/device" -I"/home/d/Studies/Clang/HW/h5/HW05/HAL_Driver/Inc/Legacy" -I"/home/d/Studies/Clang/HW/h5/HW05/HAL_Driver/Inc" -I"/home/d/Studies/Clang/HW/h5/HW05/Utilities/STM32F4xx-Nucleo" -O0 -g3 -Wall -fmessage-length=0 -ffunction-sections -c -MMD -MP -MF"HAL_Driver/Src/stm32f4xx_hal_pwr_ex.d" -MT"HAL_Driver/Src/stm32f4xx_hal_pwr_ex.o" -o "HAL_Driver/Src/stm32f4xx_hal_pwr_ex.o" "../HAL_Driver/Src/stm32f4xx_hal_pwr_ex.c"
Building file: ../HAL_Driver/Src/stm32f4xx_hal_qspi.c
Finished building: ../HAL_Driver/Src/stm32f4xx_hal_nand.c
Invoking: MCU GCC Compiler
 
/home/d/Studies/Clang/HW/h5/HW05/Debug
Building file: ../HAL_Driver/Src/stm32f4xx_hal_rcc.c
arm-none-eabi-gcc -mcpu=cortex-m4 -mthumb -mfloat-abi=hard -mfpu=fpv4-sp-d16 -DNUCLEO_F446RE -DSTM32F4 -DSTM32F446RETx -DSTM32 -DDEBUG -DUSE_HAL_DRIVER -DSTM32F446xx -I"/home/d/Studies/Clang/HW/h5/HW05/inc" -I"/home/d/Studies/Clang/HW/h5/HW05/lib" -I"/home/d/Studies/Clang/HW/h5/HW05/CMSIS/core" -I"/home/d/Studies/Clang/HW/h5/HW05/CMSIS/device" -I"/home/d/Studies/Clang/HW/h5/HW05/HAL_Driver/Inc/Legacy" -I"/home/d/Studies/Clang/HW/h5/HW05/HAL_Driver/Inc" -I"/home/d/Studies/Clang/HW/h5/HW05/Utilities/STM32F4xx-Nucleo" -O0 -g3 -Wall -fmessage-length=0 -ffunction-sections -c -MMD -MP -MF"HAL_Driver/Src/stm32f4xx_hal_qspi.d" -MT"HAL_Driver/Src/stm32f4xx_hal_qspi.o" -o "HAL_Driver/Src/stm32f4xx_hal_qspi.o" "../HAL_Driver/Src/stm32f4xx_hal_qspi.c"
Finished building: ../HAL_Driver/Src/stm32f4xx_hal_pccard.c
Invoking: MCU GCC Compiler
 
/home/d/Studies/Clang/HW/h5/HW05/Debug
arm-none-eabi-gcc -mcpu=cortex-m4 -mthumb -mfloat-abi=hard -mfpu=fpv4-sp-d16 -DNUCLEO_F446RE -DSTM32F4 -DSTM32F446RETx -DSTM32 -DDEBUG -DUSE_HAL_DRIVER -DSTM32F446xx -I"/home/d/Studies/Clang/HW/h5/HW05/inc" -I"/home/d/Studies/Clang/HW/h5/HW05/lib" -I"/home/d/Studies/Clang/HW/h5/HW05/CMSIS/core" -I"/home/d/Studies/Clang/HW/h5/HW05/CMSIS/device" -I"/home/d/Studies/Clang/HW/h5/HW05/HAL_Driver/Inc/Legacy" -I"/home/d/Studies/Clang/HW/h5/HW05/HAL_Driver/Inc" -I"/home/d/Studies/Clang/HW/h5/HW05/Utilities/STM32F4xx-Nucleo" -O0 -g3 -Wall -fmessage-length=0 -ffunction-sections -c -MMD -MP -MF"HAL_Driver/Src/stm32f4xx_hal_rcc.d" -MT"HAL_Driver/Src/stm32f4xx_hal_rcc.o" -o "HAL_Driver/Src/stm32f4xx_hal_rcc.o" "../HAL_Driver/Src/stm32f4xx_hal_rcc.c"
Building file: ../HAL_Driver/Src/stm32f4xx_hal_rcc_ex.c
Invoking: MCU GCC Compiler
Finished building: ../HAL_Driver/Src/stm32f4xx_hal_nor.c
/home/d/Studies/Clang/HW/h5/HW05/Debug
arm-none-eabi-gcc -mcpu=cortex-m4 -mthumb -mfloat-abi=hard -mfpu=fpv4-sp-d16 -DNUCLEO_F446RE -DSTM32F4 -DSTM32F446RETx -DSTM32 -DDEBUG -DUSE_HAL_DRIVER -DSTM32F446xx -I"/home/d/Studies/Clang/HW/h5/HW05/inc" -I"/home/d/Studies/Clang/HW/h5/HW05/lib" -I"/home/d/Studies/Clang/HW/h5/HW05/CMSIS/core" -I"/home/d/Studies/Clang/HW/h5/HW05/CMSIS/device" -I"/home/d/Studies/Clang/HW/h5/HW05/HAL_Driver/Inc/Legacy" -I"/home/d/Studies/Clang/HW/h5/HW05/HAL_Driver/Inc" -I"/home/d/Studies/Clang/HW/h5/HW05/Utilities/STM32F4xx-Nucleo" -O0 -g3 -Wall -fmessage-length=0 -ffunction-sections -c -MMD -MP -MF"HAL_Driver/Src/stm32f4xx_hal_rcc_ex.d" -MT"HAL_Driver/Src/stm32f4xx_hal_rcc_ex.o" -o "HAL_Driver/Src/stm32f4xx_hal_rcc_ex.o" "../HAL_Driver/Src/stm32f4xx_hal_rcc_ex.c"
 
Building file: ../HAL_Driver/Src/stm32f4xx_hal_rng.c
Invoking: MCU GCC Compiler
/home/d/Studies/Clang/HW/h5/HW05/Debug
arm-none-eabi-gcc -mcpu=cortex-m4 -mthumb -mfloat-abi=hard -mfpu=fpv4-sp-d16 -DNUCLEO_F446RE -DSTM32F4 -DSTM32F446RETx -DSTM32 -DDEBUG -DUSE_HAL_DRIVER -DSTM32F446xx -I"/home/d/Studies/Clang/HW/h5/HW05/inc" -I"/home/d/Studies/Clang/HW/h5/HW05/lib" -I"/home/d/Studies/Clang/HW/h5/HW05/CMSIS/core" -I"/home/d/Studies/Clang/HW/h5/HW05/CMSIS/device" -I"/home/d/Studies/Clang/HW/h5/HW05/HAL_Driver/Inc/Legacy" -I"/home/d/Studies/Clang/HW/h5/HW05/HAL_Driver/Inc" -I"/home/d/Studies/Clang/HW/h5/HW05/Utilities/STM32F4xx-Nucleo" -O0 -g3 -Wall -fmessage-length=0 -ffunction-sections -c -MMD -MP -MF"HAL_Driver/Src/stm32f4xx_hal_rng.d" -MT"HAL_Driver/Src/stm32f4xx_hal_rng.o" -o "HAL_Driver/Src/stm32f4xx_hal_rng.o" "../HAL_Driver/Src/stm32f4xx_hal_rng.c"
Finished building: ../HAL_Driver/Src/stm32f4xx_hal_pcd_ex.c
 
Building file: ../HAL_Driver/Src/stm32f4xx_hal_rtc.c
Invoking: MCU GCC Compiler
/home/d/Studies/Clang/HW/h5/HW05/Debug
arm-none-eabi-gcc -mcpu=cortex-m4 -mthumb -mfloat-abi=hard -mfpu=fpv4-sp-d16 -DNUCLEO_F446RE -DSTM32F4 -DSTM32F446RETx -DSTM32 -DDEBUG -DUSE_HAL_DRIVER -DSTM32F446xx -I"/home/d/Studies/Clang/HW/h5/HW05/inc" -I"/home/d/Studies/Clang/HW/h5/HW05/lib" -I"/home/d/Studies/Clang/HW/h5/HW05/CMSIS/core" -I"/home/d/Studies/Clang/HW/h5/HW05/CMSIS/device" -I"/home/d/Studies/Clang/HW/h5/HW05/HAL_Driver/Inc/Legacy" -I"/home/d/Studies/Clang/HW/h5/HW05/HAL_Driver/Inc" -I"/home/d/Studies/Clang/HW/h5/HW05/Utilities/STM32F4xx-Nucleo" -O0 -g3 -Wall -fmessage-length=0 -ffunction-sections -c -MMD -MP -MF"HAL_Driver/Src/stm32f4xx_hal_rtc.d" -MT"HAL_Driver/Src/stm32f4xx_hal_rtc.o" -o "HAL_Driver/Src/stm32f4xx_hal_rtc.o" "../HAL_Driver/Src/stm32f4xx_hal_rtc.c"
Finished building: ../HAL_Driver/Src/stm32f4xx_hal_pwr.c
 
Building file: ../HAL_Driver/Src/stm32f4xx_hal_rtc_ex.c
Invoking: MCU GCC Compiler
Finished building: ../HAL_Driver/Src/stm32f4xx_hal_pcd.c
/home/d/Studies/Clang/HW/h5/HW05/Debug
arm-none-eabi-gcc -mcpu=cortex-m4 -mthumb -mfloat-abi=hard -mfpu=fpv4-sp-d16 -DNUCLEO_F446RE -DSTM32F4 -DSTM32F446RETx -DSTM32 -DDEBUG -DUSE_HAL_DRIVER -DSTM32F446xx -I"/home/d/Studies/Clang/HW/h5/HW05/inc" -I"/home/d/Studies/Clang/HW/h5/HW05/lib" -I"/home/d/Studies/Clang/HW/h5/HW05/CMSIS/core" -I"/home/d/Studies/Clang/HW/h5/HW05/CMSIS/device" -I"/home/d/Studies/Clang/HW/h5/HW05/HAL_Driver/Inc/Legacy" -I"/home/d/Studies/Clang/HW/h5/HW05/HAL_Driver/Inc" -I"/home/d/Studies/Clang/HW/h5/HW05/Utilities/STM32F4xx-Nucleo" -O0 -g3 -Wall -fmessage-length=0 -ffunction-sections -c -MMD -MP -MF"HAL_Driver/Src/stm32f4xx_hal_rtc_ex.d" -MT"HAL_Driver/Src/stm32f4xx_hal_rtc_ex.o" -o "HAL_Driver/Src/stm32f4xx_hal_rtc_ex.o" "../HAL_Driver/Src/stm32f4xx_hal_rtc_ex.c"
 
Building file: ../HAL_Driver/Src/stm32f4xx_hal_sai.c
Invoking: MCU GCC Compiler
Finished building: ../HAL_Driver/Src/stm32f4xx_hal_pwr_ex.c
/home/d/Studies/Clang/HW/h5/HW05/Debug
arm-none-eabi-gcc -mcpu=cortex-m4 -mthumb -mfloat-abi=hard -mfpu=fpv4-sp-d16 -DNUCLEO_F446RE -DSTM32F4 -DSTM32F446RETx -DSTM32 -DDEBUG -DUSE_HAL_DRIVER -DSTM32F446xx -I"/home/d/Studies/Clang/HW/h5/HW05/inc" -I"/home/d/Studies/Clang/HW/h5/HW05/lib" -I"/home/d/Studies/Clang/HW/h5/HW05/CMSIS/core" -I"/home/d/Studies/Clang/HW/h5/HW05/CMSIS/device" -I"/home/d/Studies/Clang/HW/h5/HW05/HAL_Driver/Inc/Legacy" -I"/home/d/Studies/Clang/HW/h5/HW05/HAL_Driver/Inc" -I"/home/d/Studies/Clang/HW/h5/HW05/Utilities/STM32F4xx-Nucleo" -O0 -g3 -Wall -fmessage-length=0 -ffunction-sections -c -MMD -MP -MF"HAL_Driver/Src/stm32f4xx_hal_sai.d" -MT"HAL_Driver/Src/stm32f4xx_hal_sai.o" -o "HAL_Driver/Src/stm32f4xx_hal_sai.o" "../HAL_Driver/Src/stm32f4xx_hal_sai.c"
 
Building file: ../HAL_Driver/Src/stm32f4xx_hal_sai_ex.c
Invoking: MCU GCC Compiler
/home/d/Studies/Clang/HW/h5/HW05/Debug
Finished building: ../HAL_Driver/Src/stm32f4xx_hal_qspi.c
arm-none-eabi-gcc -mcpu=cortex-m4 -mthumb -mfloat-abi=hard -mfpu=fpv4-sp-d16 -DNUCLEO_F446RE -DSTM32F4 -DSTM32F446RETx -DSTM32 -DDEBUG -DUSE_HAL_DRIVER -DSTM32F446xx -I"/home/d/Studies/Clang/HW/h5/HW05/inc" -I"/home/d/Studies/Clang/HW/h5/HW05/lib" -I"/home/d/Studies/Clang/HW/h5/HW05/CMSIS/core" -I"/home/d/Studies/Clang/HW/h5/HW05/CMSIS/device" -I"/home/d/Studies/Clang/HW/h5/HW05/HAL_Driver/Inc/Legacy" -I"/home/d/Studies/Clang/HW/h5/HW05/HAL_Driver/Inc" -I"/home/d/Studies/Clang/HW/h5/HW05/Utilities/STM32F4xx-Nucleo" -O0 -g3 -Wall -fmessage-length=0 -ffunction-sections -c -MMD -MP -MF"HAL_Driver/Src/stm32f4xx_hal_sai_ex.d" -MT"HAL_Driver/Src/stm32f4xx_hal_sai_ex.o" -o "HAL_Driver/Src/stm32f4xx_hal_sai_ex.o" "../HAL_Driver/Src/stm32f4xx_hal_sai_ex.c"
 
Building file: ../HAL_Driver/Src/stm32f4xx_hal_sd.c
Invoking: MCU GCC Compiler
/home/d/Studies/Clang/HW/h5/HW05/Debug
arm-none-eabi-gcc -mcpu=cortex-m4 -mthumb -mfloat-abi=hard -mfpu=fpv4-sp-d16 -DNUCLEO_F446RE -DSTM32F4 -DSTM32F446RETx -DSTM32 -DDEBUG -DUSE_HAL_DRIVER -DSTM32F446xx -I"/home/d/Studies/Clang/HW/h5/HW05/inc" -I"/home/d/Studies/Clang/HW/h5/HW05/lib" -I"/home/d/Studies/Clang/HW/h5/HW05/CMSIS/core" -I"/home/d/Studies/Clang/HW/h5/HW05/CMSIS/device" -I"/home/d/Studies/Clang/HW/h5/HW05/HAL_Driver/Inc/Legacy" -I"/home/d/Studies/Clang/HW/h5/HW05/HAL_Driver/Inc" -I"/home/d/Studies/Clang/HW/h5/HW05/Utilities/STM32F4xx-Nucleo" -O0 -g3 -Wall -fmessage-length=0 -ffunction-sections -c -MMD -MP -MF"HAL_Driver/Src/stm32f4xx_hal_sd.d" -MT"HAL_Driver/Src/stm32f4xx_hal_sd.o" -o "HAL_Driver/Src/stm32f4xx_hal_sd.o" "../HAL_Driver/Src/stm32f4xx_hal_sd.c"
Finished building: ../HAL_Driver/Src/stm32f4xx_hal_rng.c
 
Finished building: ../HAL_Driver/Src/stm32f4xx_hal_rcc.c
Building file: ../HAL_Driver/Src/stm32f4xx_hal_sdram.c
 
Invoking: MCU GCC Compiler
Building file: ../HAL_Driver/Src/stm32f4xx_hal_smartcard.c
/home/d/Studies/Clang/HW/h5/HW05/Debug
arm-none-eabi-gcc -mcpu=cortex-m4 -mthumb -mfloat-abi=hard -mfpu=fpv4-sp-d16 -DNUCLEO_F446RE -DSTM32F4 -DSTM32F446RETx -DSTM32 -DDEBUG -DUSE_HAL_DRIVER -DSTM32F446xx -I"/home/d/Studies/Clang/HW/h5/HW05/inc" -I"/home/d/Studies/Clang/HW/h5/HW05/lib" -I"/home/d/Studies/Clang/HW/h5/HW05/CMSIS/core" -I"/home/d/Studies/Clang/HW/h5/HW05/CMSIS/device" -I"/home/d/Studies/Clang/HW/h5/HW05/HAL_Driver/Inc/Legacy" -I"/home/d/Studies/Clang/HW/h5/HW05/HAL_Driver/Inc" -I"/home/d/Studies/Clang/HW/h5/HW05/Utilities/STM32F4xx-Nucleo" -O0 -g3 -Wall -fmessage-length=0 -ffunction-sections -c -MMD -MP -MF"HAL_Driver/Src/stm32f4xx_hal_sdram.d" -MT"HAL_Driver/Src/stm32f4xx_hal_sdram.o" -o "HAL_Driver/Src/stm32f4xx_hal_sdram.o" "../HAL_Driver/Src/stm32f4xx_hal_sdram.c"
Invoking: MCU GCC Compiler
/home/d/Studies/Clang/HW/h5/HW05/Debug
arm-none-eabi-gcc -mcpu=cortex-m4 -mthumb -mfloat-abi=hard -mfpu=fpv4-sp-d16 -DNUCLEO_F446RE -DSTM32F4 -DSTM32F446RETx -DSTM32 -DDEBUG -DUSE_HAL_DRIVER -DSTM32F446xx -I"/home/d/Studies/Clang/HW/h5/HW05/inc" -I"/home/d/Studies/Clang/HW/h5/HW05/lib" -I"/home/d/Studies/Clang/HW/h5/HW05/CMSIS/core" -I"/home/d/Studies/Clang/HW/h5/HW05/CMSIS/device" -I"/home/d/Studies/Clang/HW/h5/HW05/HAL_Driver/Inc/Legacy" -I"/home/d/Studies/Clang/HW/h5/HW05/HAL_Driver/Inc" -I"/home/d/Studies/Clang/HW/h5/HW05/Utilities/STM32F4xx-Nucleo" -O0 -g3 -Wall -fmessage-length=0 -ffunction-sections -c -MMD -MP -MF"HAL_Driver/Src/stm32f4xx_hal_smartcard.d" -MT"HAL_Driver/Src/stm32f4xx_hal_smartcard.o" -o "HAL_Driver/Src/stm32f4xx_hal_smartcard.o" "../HAL_Driver/Src/stm32f4xx_hal_smartcard.c"
Finished building: ../HAL_Driver/Src/stm32f4xx_hal_rcc_ex.c
 
Finished building: ../HAL_Driver/Src/stm32f4xx_hal_rtc.c
 
Building file: ../HAL_Driver/Src/stm32f4xx_hal_spdifrx.c
Invoking: MCU GCC Compiler
/home/d/Studies/Clang/HW/h5/HW05/Debug
arm-none-eabi-gcc -mcpu=cortex-m4 -mthumb -mfloat-abi=hard -mfpu=fpv4-sp-d16 -DNUCLEO_F446RE -DSTM32F4 -DSTM32F446RETx -DSTM32 -DDEBUG -DUSE_HAL_DRIVER -DSTM32F446xx -I"/home/d/Studies/Clang/HW/h5/HW05/inc" -I"/home/d/Studies/Clang/HW/h5/HW05/lib" -I"/home/d/Studies/Clang/HW/h5/HW05/CMSIS/core" -I"/home/d/Studies/Clang/HW/h5/HW05/CMSIS/device" -I"/home/d/Studies/Clang/HW/h5/HW05/HAL_Driver/Inc/Legacy" -I"/home/d/Studies/Clang/HW/h5/HW05/HAL_Driver/Inc" -I"/home/d/Studies/Clang/HW/h5/HW05/Utilities/STM32F4xx-Nucleo" -O0 -g3 -Wall -fmessage-length=0 -ffunction-sections -c -MMD -MP -MF"HAL_Driver/Src/stm32f4xx_hal_spdifrx.d" -MT"HAL_Driver/Src/stm32f4xx_hal_spdifrx.o" -o "HAL_Driver/Src/stm32f4xx_hal_spdifrx.o" "../HAL_Driver/Src/stm32f4xx_hal_spdifrx.c"
Building file: ../HAL_Driver/Src/stm32f4xx_hal_spi.c
Invoking: MCU GCC Compiler
/home/d/Studies/Clang/HW/h5/HW05/Debug
arm-none-eabi-gcc -mcpu=cortex-m4 -mthumb -mfloat-abi=hard -mfpu=fpv4-sp-d16 -DNUCLEO_F446RE -DSTM32F4 -DSTM32F446RETx -DSTM32 -DDEBUG -DUSE_HAL_DRIVER -DSTM32F446xx -I"/home/d/Studies/Clang/HW/h5/HW05/inc" -I"/home/d/Studies/Clang/HW/h5/HW05/lib" -I"/home/d/Studies/Clang/HW/h5/HW05/CMSIS/core" -I"/home/d/Studies/Clang/HW/h5/HW05/CMSIS/device" -I"/home/d/Studies/Clang/HW/h5/HW05/HAL_Driver/Inc/Legacy" -I"/home/d/Studies/Clang/HW/h5/HW05/HAL_Driver/Inc" -I"/home/d/Studies/Clang/HW/h5/HW05/Utilities/STM32F4xx-Nucleo" -O0 -g3 -Wall -fmessage-length=0 -ffunction-sections -c -MMD -MP -MF"HAL_Driver/Src/stm32f4xx_hal_spi.d" -MT"HAL_Driver/Src/stm32f4xx_hal_spi.o" -o "HAL_Driver/Src/stm32f4xx_hal_spi.o" "../HAL_Driver/Src/stm32f4xx_hal_spi.c"
Finished building: ../HAL_Driver/Src/stm32f4xx_hal_sai.c
 
Building file: ../HAL_Driver/Src/stm32f4xx_hal_sram.c
Finished building: ../HAL_Driver/Src/stm32f4xx_hal_rtc_ex.c
Invoking: MCU GCC Compiler
 
/home/d/Studies/Clang/HW/h5/HW05/Debug
arm-none-eabi-gcc -mcpu=cortex-m4 -mthumb -mfloat-abi=hard -mfpu=fpv4-sp-d16 -DNUCLEO_F446RE -DSTM32F4 -DSTM32F446RETx -DSTM32 -DDEBUG -DUSE_HAL_DRIVER -DSTM32F446xx -I"/home/d/Studies/Clang/HW/h5/HW05/inc" -I"/home/d/Studies/Clang/HW/h5/HW05/lib" -I"/home/d/Studies/Clang/HW/h5/HW05/CMSIS/core" -I"/home/d/Studies/Clang/HW/h5/HW05/CMSIS/device" -I"/home/d/Studies/Clang/HW/h5/HW05/HAL_Driver/Inc/Legacy" -I"/home/d/Studies/Clang/HW/h5/HW05/HAL_Driver/Inc" -I"/home/d/Studies/Clang/HW/h5/HW05/Utilities/STM32F4xx-Nucleo" -O0 -g3 -Wall -fmessage-length=0 -ffunction-sections -c -MMD -MP -MF"HAL_Driver/Src/stm32f4xx_hal_sram.d" -MT"HAL_Driver/Src/stm32f4xx_hal_sram.o" -o "HAL_Driver/Src/stm32f4xx_hal_sram.o" "../HAL_Driver/Src/stm32f4xx_hal_sram.c"
Building file: ../HAL_Driver/Src/stm32f4xx_hal_tim.c
Invoking: MCU GCC Compiler
/home/d/Studies/Clang/HW/h5/HW05/Debug
arm-none-eabi-gcc -mcpu=cortex-m4 -mthumb -mfloat-abi=hard -mfpu=fpv4-sp-d16 -DNUCLEO_F446RE -DSTM32F4 -DSTM32F446RETx -DSTM32 -DDEBUG -DUSE_HAL_DRIVER -DSTM32F446xx -I"/home/d/Studies/Clang/HW/h5/HW05/inc" -I"/home/d/Studies/Clang/HW/h5/HW05/lib" -I"/home/d/Studies/Clang/HW/h5/HW05/CMSIS/core" -I"/home/d/Studies/Clang/HW/h5/HW05/CMSIS/device" -I"/home/d/Studies/Clang/HW/h5/HW05/HAL_Driver/Inc/Legacy" -I"/home/d/Studies/Clang/HW/h5/HW05/HAL_Driver/Inc" -I"/home/d/Studies/Clang/HW/h5/HW05/Utilities/STM32F4xx-Nucleo" -O0 -g3 -Wall -fmessage-length=0 -ffunction-sections -c -MMD -MP -MF"HAL_Driver/Src/stm32f4xx_hal_tim.d" -MT"HAL_Driver/Src/stm32f4xx_hal_tim.o" -o "HAL_Driver/Src/stm32f4xx_hal_tim.o" "../HAL_Driver/Src/stm32f4xx_hal_tim.c"
Finished building: ../HAL_Driver/Src/stm32f4xx_hal_sai_ex.c
 
Building file: ../HAL_Driver/Src/stm32f4xx_hal_tim_ex.c
Invoking: MCU GCC Compiler
/home/d/Studies/Clang/HW/h5/HW05/Debug
arm-none-eabi-gcc -mcpu=cortex-m4 -mthumb -mfloat-abi=hard -mfpu=fpv4-sp-d16 -DNUCLEO_F446RE -DSTM32F4 -DSTM32F446RETx -DSTM32 -DDEBUG -DUSE_HAL_DRIVER -DSTM32F446xx -I"/home/d/Studies/Clang/HW/h5/HW05/inc" -I"/home/d/Studies/Clang/HW/h5/HW05/lib" -I"/home/d/Studies/Clang/HW/h5/HW05/CMSIS/core" -I"/home/d/Studies/Clang/HW/h5/HW05/CMSIS/device" -I"/home/d/Studies/Clang/HW/h5/HW05/HAL_Driver/Inc/Legacy" -I"/home/d/Studies/Clang/HW/h5/HW05/HAL_Driver/Inc" -I"/home/d/Studies/Clang/HW/h5/HW05/Utilities/STM32F4xx-Nucleo" -O0 -g3 -Wall -fmessage-length=0 -ffunction-sections -c -MMD -MP -MF"HAL_Driver/Src/stm32f4xx_hal_tim_ex.d" -MT"HAL_Driver/Src/stm32f4xx_hal_tim_ex.o" -o "HAL_Driver/Src/stm32f4xx_hal_tim_ex.o" "../HAL_Driver/Src/stm32f4xx_hal_tim_ex.c"
Finished building: ../HAL_Driver/Src/stm32f4xx_hal_sdram.c
 
Building file: ../HAL_Driver/Src/stm32f4xx_hal_uart.c
Invoking: MCU GCC Compiler
Finished building: ../HAL_Driver/Src/stm32f4xx_hal_smartcard.c
/home/d/Studies/Clang/HW/h5/HW05/Debug
arm-none-eabi-gcc -mcpu=cortex-m4 -mthumb -mfloat-abi=hard -mfpu=fpv4-sp-d16 -DNUCLEO_F446RE -DSTM32F4 -DSTM32F446RETx -DSTM32 -DDEBUG -DUSE_HAL_DRIVER -DSTM32F446xx -I"/home/d/Studies/Clang/HW/h5/HW05/inc" -I"/home/d/Studies/Clang/HW/h5/HW05/lib" -I"/home/d/Studies/Clang/HW/h5/HW05/CMSIS/core" -I"/home/d/Studies/Clang/HW/h5/HW05/CMSIS/device" -I"/home/d/Studies/Clang/HW/h5/HW05/HAL_Driver/Inc/Legacy" -I"/home/d/Studies/Clang/HW/h5/HW05/HAL_Driver/Inc" -I"/home/d/Studies/Clang/HW/h5/HW05/Utilities/STM32F4xx-Nucleo" -O0 -g3 -Wall -fmessage-length=0 -ffunction-sections -c -MMD -MP -MF"HAL_Driver/Src/stm32f4xx_hal_uart.d" -MT"HAL_Driver/Src/stm32f4xx_hal_uart.o" -o "HAL_Driver/Src/stm32f4xx_hal_uart.o" "../HAL_Driver/Src/stm32f4xx_hal_uart.c"
 
Building file: ../HAL_Driver/Src/stm32f4xx_hal_usart.c
Finished building: ../HAL_Driver/Src/stm32f4xx_hal_spdifrx.c
Invoking: MCU GCC Compiler
 
/home/d/Studies/Clang/HW/h5/HW05/Debug
arm-none-eabi-gcc -mcpu=cortex-m4 -mthumb -mfloat-abi=hard -mfpu=fpv4-sp-d16 -DNUCLEO_F446RE -DSTM32F4 -DSTM32F446RETx -DSTM32 -DDEBUG -DUSE_HAL_DRIVER -DSTM32F446xx -I"/home/d/Studies/Clang/HW/h5/HW05/inc" -I"/home/d/Studies/Clang/HW/h5/HW05/lib" -I"/home/d/Studies/Clang/HW/h5/HW05/CMSIS/core" -I"/home/d/Studies/Clang/HW/h5/HW05/CMSIS/device" -I"/home/d/Studies/Clang/HW/h5/HW05/HAL_Driver/Inc/Legacy" -I"/home/d/Studies/Clang/HW/h5/HW05/HAL_Driver/Inc" -I"/home/d/Studies/Clang/HW/h5/HW05/Utilities/STM32F4xx-Nucleo" -O0 -g3 -Wall -fmessage-length=0 -ffunction-sections -c -MMD -MP -MF"HAL_Driver/Src/stm32f4xx_hal_usart.d" -MT"HAL_Driver/Src/stm32f4xx_hal_usart.o" -o "HAL_Driver/Src/stm32f4xx_hal_usart.o" "../HAL_Driver/Src/stm32f4xx_hal_usart.c"
Building file: ../HAL_Driver/Src/stm32f4xx_hal_wwdg.c
Invoking: MCU GCC Compiler
/home/d/Studies/Clang/HW/h5/HW05/Debug
arm-none-eabi-gcc -mcpu=cortex-m4 -mthumb -mfloat-abi=hard -mfpu=fpv4-sp-d16 -DNUCLEO_F446RE -DSTM32F4 -DSTM32F446RETx -DSTM32 -DDEBUG -DUSE_HAL_DRIVER -DSTM32F446xx -I"/home/d/Studies/Clang/HW/h5/HW05/inc" -I"/home/d/Studies/Clang/HW/h5/HW05/lib" -I"/home/d/Studies/Clang/HW/h5/HW05/CMSIS/core" -I"/home/d/Studies/Clang/HW/h5/HW05/CMSIS/device" -I"/home/d/Studies/Clang/HW/h5/HW05/HAL_Driver/Inc/Legacy" -I"/home/d/Studies/Clang/HW/h5/HW05/HAL_Driver/Inc" -I"/home/d/Studies/Clang/HW/h5/HW05/Utilities/STM32F4xx-Nucleo" -O0 -g3 -Wall -fmessage-length=0 -ffunction-sections -c -MMD -MP -MF"HAL_Driver/Src/stm32f4xx_hal_wwdg.d" -MT"HAL_Driver/Src/stm32f4xx_hal_wwdg.o" -o "HAL_Driver/Src/stm32f4xx_hal_wwdg.o" "../HAL_Driver/Src/stm32f4xx_hal_wwdg.c"
Finished building: ../HAL_Driver/Src/stm32f4xx_hal_sd.c
 
Building file: ../HAL_Driver/Src/stm32f4xx_ll_fmc.c
Invoking: MCU GCC Compiler
/home/d/Studies/Clang/HW/h5/HW05/Debug
arm-none-eabi-gcc -mcpu=cortex-m4 -mthumb -mfloat-abi=hard -mfpu=fpv4-sp-d16 -DNUCLEO_F446RE -DSTM32F4 -DSTM32F446RETx -DSTM32 -DDEBUG -DUSE_HAL_DRIVER -DSTM32F446xx -I"/home/d/Studies/Clang/HW/h5/HW05/inc" -I"/home/d/Studies/Clang/HW/h5/HW05/lib" -I"/home/d/Studies/Clang/HW/h5/HW05/CMSIS/core" -I"/home/d/Studies/Clang/HW/h5/HW05/CMSIS/device" -I"/home/d/Studies/Clang/HW/h5/HW05/HAL_Driver/Inc/Legacy" -I"/home/d/Studies/Clang/HW/h5/HW05/HAL_Driver/Inc" -I"/home/d/Studies/Clang/HW/h5/HW05/Utilities/STM32F4xx-Nucleo" -O0 -g3 -Wall -fmessage-length=0 -ffunction-sections -c -MMD -MP -MF"HAL_Driver/Src/stm32f4xx_ll_fmc.d" -MT"HAL_Driver/Src/stm32f4xx_ll_fmc.o" -o "HAL_Driver/Src/stm32f4xx_ll_fmc.o" "../HAL_Driver/Src/stm32f4xx_ll_fmc.c"
Finished building: ../HAL_Driver/Src/stm32f4xx_hal_sram.c
 
Building file: ../HAL_Driver/Src/stm32f4xx_ll_fsmc.c
Invoking: MCU GCC Compiler
/home/d/Studies/Clang/HW/h5/HW05/Debug
arm-none-eabi-gcc -mcpu=cortex-m4 -mthumb -mfloat-abi=hard -mfpu=fpv4-sp-d16 -DNUCLEO_F446RE -DSTM32F4 -DSTM32F446RETx -DSTM32 -DDEBUG -DUSE_HAL_DRIVER -DSTM32F446xx -I"/home/d/Studies/Clang/HW/h5/HW05/inc" -I"/home/d/Studies/Clang/HW/h5/HW05/lib" -I"/home/d/Studies/Clang/HW/h5/HW05/CMSIS/core" -I"/home/d/Studies/Clang/HW/h5/HW05/CMSIS/device" -I"/home/d/Studies/Clang/HW/h5/HW05/HAL_Driver/Inc/Legacy" -I"/home/d/Studies/Clang/HW/h5/HW05/HAL_Driver/Inc" -I"/home/d/Studies/Clang/HW/h5/HW05/Utilities/STM32F4xx-Nucleo" -O0 -g3 -Wall -fmessage-length=0 -ffunction-sections -c -MMD -MP -MF"HAL_Driver/Src/stm32f4xx_ll_fsmc.d" -MT"HAL_Driver/Src/stm32f4xx_ll_fsmc.o" -o "HAL_Driver/Src/stm32f4xx_ll_fsmc.o" "../HAL_Driver/Src/stm32f4xx_ll_fsmc.c"
Finished building: ../HAL_Driver/Src/stm32f4xx_hal_spi.c
 
Building file: ../HAL_Driver/Src/stm32f4xx_ll_sdmmc.c
Invoking: MCU GCC Compiler
/home/d/Studies/Clang/HW/h5/HW05/Debug
arm-none-eabi-gcc -mcpu=cortex-m4 -mthumb -mfloat-abi=hard -mfpu=fpv4-sp-d16 -DNUCLEO_F446RE -DSTM32F4 -DSTM32F446RETx -DSTM32 -DDEBUG -DUSE_HAL_DRIVER -DSTM32F446xx -I"/home/d/Studies/Clang/HW/h5/HW05/inc" -I"/home/d/Studies/Clang/HW/h5/HW05/lib" -I"/home/d/Studies/Clang/HW/h5/HW05/CMSIS/core" -I"/home/d/Studies/Clang/HW/h5/HW05/CMSIS/device" -I"/home/d/Studies/Clang/HW/h5/HW05/HAL_Driver/Inc/Legacy" -I"/home/d/Studies/Clang/HW/h5/HW05/HAL_Driver/Inc" -I"/home/d/Studies/Clang/HW/h5/HW05/Utilities/STM32F4xx-Nucleo" -O0 -g3 -Wall -fmessage-length=0 -ffunction-sections -c -MMD -MP -MF"HAL_Driver/Src/stm32f4xx_ll_sdmmc.d" -MT"HAL_Driver/Src/stm32f4xx_ll_sdmmc.o" -o "HAL_Driver/Src/stm32f4xx_ll_sdmmc.o" "../HAL_Driver/Src/stm32f4xx_ll_sdmmc.c"
Finished building: ../HAL_Driver/Src/stm32f4xx_hal_tim_ex.c
 
Building file: ../HAL_Driver/Src/stm32f4xx_ll_usb.c
Invoking: MCU GCC Compiler
/home/d/Studies/Clang/HW/h5/HW05/Debug
arm-none-eabi-gcc -mcpu=cortex-m4 -mthumb -mfloat-abi=hard -mfpu=fpv4-sp-d16 -DNUCLEO_F446RE -DSTM32F4 -DSTM32F446RETx -DSTM32 -DDEBUG -DUSE_HAL_DRIVER -DSTM32F446xx -I"/home/d/Studies/Clang/HW/h5/HW05/inc" -I"/home/d/Studies/Clang/HW/h5/HW05/lib" -I"/home/d/Studies/Clang/HW/h5/HW05/CMSIS/core" -I"/home/d/Studies/Clang/HW/h5/HW05/CMSIS/device" -I"/home/d/Studies/Clang/HW/h5/HW05/HAL_Driver/Inc/Legacy" -I"/home/d/Studies/Clang/HW/h5/HW05/HAL_Driver/Inc" -I"/home/d/Studies/Clang/HW/h5/HW05/Utilities/STM32F4xx-Nucleo" -O0 -g3 -Wall -fmessage-length=0 -ffunction-sections -c -MMD -MP -MF"HAL_Driver/Src/stm32f4xx_ll_usb.d" -MT"HAL_Driver/Src/stm32f4xx_ll_usb.o" -o "HAL_Driver/Src/stm32f4xx_ll_usb.o" "../HAL_Driver/Src/stm32f4xx_ll_usb.c"
Finished building: ../HAL_Driver/Src/stm32f4xx_hal_uart.c
Finished building: ../HAL_Driver/Src/stm32f4xx_hal_tim.c
 
 
Finished building: ../HAL_Driver/Src/stm32f4xx_hal_wwdg.c
 
Finished building: ../HAL_Driver/Src/stm32f4xx_hal_usart.c
 
Finished building: ../HAL_Driver/Src/stm32f4xx_ll_fmc.c
 
Finished building: ../HAL_Driver/Src/stm32f4xx_ll_fsmc.c
 
Finished building: ../HAL_Driver/Src/stm32f4xx_ll_sdmmc.c
 
Finished building: ../HAL_Driver/Src/stm32f4xx_ll_usb.c
 
Building target: HW05.elf
Invoking: MCU GCC Linker
arm-none-eabi-gcc -mcpu=cortex-m4 -mthumb -mfloat-abi=hard -mfpu=fpv4-sp-d16 -T"/home/d/Studies/Clang/HW/h5/HW05/LinkerScript.ld" -Wl,-Map=output.map -Wl,--gc-sections -o "HW05.elf" @"objects.list"   -lm
Finished building target: HW05.elf
 
make --no-print-directory post-build
Generating binary and Printing size information:
arm-none-eabi-objcopy -O binary "HW05.elf" "HW05.bin"
arm-none-eabi-size "HW05.elf"
   text	   data	    bss	    dec	    hex	filename
  36684	   2272	   3796	  42752	   a700	HW05.elf
 
15:31:22 **** Build of configuration Debug for project HW05 ****
make -j8 all 
Building file: ../src/main.c
Invoking: MCU GCC Compiler
/home/d/Studies/Clang/HW/h5/HW05/Debug
arm-none-eabi-gcc -mcpu=cortex-m4 -mthumb -mfloat-abi=hard -mfpu=fpv4-sp-d16 -DNUCLEO_F446RE -DSTM32F4 -DSTM32F446RETx -DSTM32 -DDEBUG -DUSE_HAL_DRIVER -DSTM32F446xx -I"/home/d/Studies/Clang/HW/h5/HW05/inc" -I"/home/d/Studies/Clang/HW/h5/HW05/lib" -I"/home/d/Studies/Clang/HW/h5/HW05/CMSIS/core" -I"/home/d/Studies/Clang/HW/h5/HW05/CMSIS/device" -I"/home/d/Studies/Clang/HW/h5/HW05/HAL_Driver/Inc/Legacy" -I"/home/d/Studies/Clang/HW/h5/HW05/HAL_Driver/Inc" -I"/home/d/Studies/Clang/HW/h5/HW05/Utilities/STM32F4xx-Nucleo" -O0 -g3 -Wall -fmessage-length=0 -ffunction-sections -c -MMD -MP -MF"src/main.d" -MT"src/main.o" -o "src/main.o" "../src/main.c"
../src/main.c:530:6: warning: return type of 'main' is not 'int' [-Wmain]
 void main(void)
      ^~~~
../src/main.c: In function 'main':
../src/main.c:604:24: warning: pointer targets in passing argument 1 of 'strcmp' differ in signedness [-Wpointer-sign]
             if (strcmp(chArr, "R") == 0)
                        ^~~~~
In file included from ../src/main.c:20:0:
/home/d/Ac6/SystemWorkbench/plugins/fr.ac6.mcu.externaltools.arm-none.linux64_1.17.0.201812190825/tools/compiler/arm-none-eabi/include/string.h:36:6: note: expected 'const char *' but argument is of type 'uint8_t * {aka unsigned char *}'
 int  strcmp (const char *, const char *);
      ^~~~~~
../src/main.c:545:14: warning: variable 'uiSerRecv' set but not used [-Wunused-but-set-variable]
     uint32_t uiSerRecv;
              ^~~~~~~~~
../src/main.c:533:23: warning: variable 'uiSec' set but not used [-Wunused-but-set-variable]
     uint32_t uiTicks, uiSec;
                       ^~~~~
../src/main.c:533:14: warning: unused variable 'uiTicks' [-Wunused-variable]
     uint32_t uiTicks, uiSec;
              ^~~~~~~
At top level:
../src/main.c:287:21: warning: 'TFT_ShieldDetect' defined but not used [-Wunused-function]
 static ShieldStatus TFT_ShieldDetect(void)
                     ^~~~~~~~~~~~~~~~
Finished building: ../src/main.c
 
Building target: HW05.elf
Invoking: MCU GCC Linker
arm-none-eabi-gcc -mcpu=cortex-m4 -mthumb -mfloat-abi=hard -mfpu=fpv4-sp-d16 -T"/home/d/Studies/Clang/HW/h5/HW05/LinkerScript.ld" -Wl,-Map=output.map -Wl,--gc-sections -o "HW05.elf" @"objects.list"   -lm
Finished building target: HW05.elf
 
make --no-print-directory post-build
Generating binary and Printing size information:
arm-none-eabi-objcopy -O binary "HW05.elf" "HW05.bin"
arm-none-eabi-size "HW05.elf"
   text	   data	    bss	    dec	    hex	filename
  37492	   2272	   3796	  43560	   aa28	HW05.elf
 
15:32:10 **** Incremental Build of configuration Debug for project HW05 ****
make -j8 all 
Building file: ../src/main.c
Invoking: MCU GCC Compiler
/home/d/Studies/Clang/HW/h5/HW05/Debug
arm-none-eabi-gcc -mcpu=cortex-m4 -mthumb -mfloat-abi=hard -mfpu=fpv4-sp-d16 -DNUCLEO_F446RE -DSTM32F4 -DSTM32F446RETx -DSTM32 -DDEBUG -DUSE_HAL_DRIVER -DSTM32F446xx -I"/home/d/Studies/Clang/HW/h5/HW05/inc" -I"/home/d/Studies/Clang/HW/h5/HW05/lib" -I"/home/d/Studies/Clang/HW/h5/HW05/CMSIS/core" -I"/home/d/Studies/Clang/HW/h5/HW05/CMSIS/device" -I"/home/d/Studies/Clang/HW/h5/HW05/HAL_Driver/Inc/Legacy" -I"/home/d/Studies/Clang/HW/h5/HW05/HAL_Driver/Inc" -I"/home/d/Studies/Clang/HW/h5/HW05/Utilities/STM32F4xx-Nucleo" -O0 -g3 -Wall -fmessage-length=0 -ffunction-sections -c -MMD -MP -MF"src/main.d" -MT"src/main.o" -o "src/main.o" "../src/main.c"
../src/main.c:530:6: warning: return type of 'main' is not 'int' [-Wmain]
 void main(void)
      ^~~~
../src/main.c: In function 'main':
../src/main.c:604:24: warning: pointer targets in passing argument 1 of 'strcmp' differ in signedness [-Wpointer-sign]
             if (strcmp(chArr, "R") == 0)
                        ^~~~~
In file included from ../src/main.c:20:0:
/home/d/Ac6/SystemWorkbench/plugins/fr.ac6.mcu.externaltools.arm-none.linux64_1.17.0.201812190825/tools/compiler/arm-none-eabi/include/string.h:36:6: note: expected 'const char *' but argument is of type 'uint8_t * {aka unsigned char *}'
 int  strcmp (const char *, const char *);
      ^~~~~~
../src/main.c:545:14: warning: variable 'uiSerRecv' set but not used [-Wunused-but-set-variable]
     uint32_t uiSerRecv;
              ^~~~~~~~~
../src/main.c:533:23: warning: variable 'uiSec' set but not used [-Wunused-but-set-variable]
     uint32_t uiTicks, uiSec;
                       ^~~~~
../src/main.c:533:14: warning: unused variable 'uiTicks' [-Wunused-variable]
     uint32_t uiTicks, uiSec;
              ^~~~~~~
At top level:
../src/main.c:287:21: warning: 'TFT_ShieldDetect' defined but not used [-Wunused-function]
 static ShieldStatus TFT_ShieldDetect(void)
                     ^~~~~~~~~~~~~~~~
Finished building: ../src/main.c
 
Building target: HW05.elf
Invoking: MCU GCC Linker
arm-none-eabi-gcc -mcpu=cortex-m4 -mthumb -mfloat-abi=hard -mfpu=fpv4-sp-d16 -T"/home/d/Studies/Clang/HW/h5/HW05/LinkerScript.ld" -Wl,-Map=output.map -Wl,--gc-sections -o "HW05.elf" @"objects.list"   -lm
Finished building target: HW05.elf
 
make --no-print-directory post-build
Generating binary and Printing size information:
arm-none-eabi-objcopy -O binary "HW05.elf" "HW05.bin"
arm-none-eabi-size "HW05.elf"
   text	   data	    bss	    dec	    hex	filename
  37492	   2272	   3796	  43560	   aa28	HW05.elf
 
15:33:08 **** Incremental Build of configuration Debug for project HW05 ****
make -j8 all 
Building file: ../src/main.c
Invoking: MCU GCC Compiler
/home/d/Studies/Clang/HW/h5/HW05/Debug
arm-none-eabi-gcc -mcpu=cortex-m4 -mthumb -mfloat-abi=hard -mfpu=fpv4-sp-d16 -DNUCLEO_F446RE -DSTM32F4 -DSTM32F446RETx -DSTM32 -DDEBUG -DUSE_HAL_DRIVER -DSTM32F446xx -I"/home/d/Studies/Clang/HW/h5/HW05/inc" -I"/home/d/Studies/Clang/HW/h5/HW05/lib" -I"/home/d/Studies/Clang/HW/h5/HW05/CMSIS/core" -I"/home/d/Studies/Clang/HW/h5/HW05/CMSIS/device" -I"/home/d/Studies/Clang/HW/h5/HW05/HAL_Driver/Inc/Legacy" -I"/home/d/Studies/Clang/HW/h5/HW05/HAL_Driver/Inc" -I"/home/d/Studies/Clang/HW/h5/HW05/Utilities/STM32F4xx-Nucleo" -O0 -g3 -Wall -fmessage-length=0 -ffunction-sections -c -MMD -MP -MF"src/main.d" -MT"src/main.o" -o "src/main.o" "../src/main.c"
../src/main.c:530:6: warning: return type of 'main' is not 'int' [-Wmain]
 void main(void)
      ^~~~
../src/main.c: In function 'main':
../src/main.c:604:24: warning: pointer targets in passing argument 1 of 'strcmp' differ in signedness [-Wpointer-sign]
             if (strcmp(chArr, "R") == 0)
                        ^~~~~
In file included from ../src/main.c:20:0:
/home/d/Ac6/SystemWorkbench/plugins/fr.ac6.mcu.externaltools.arm-none.linux64_1.17.0.201812190825/tools/compiler/arm-none-eabi/include/string.h:36:6: note: expected 'const char *' but argument is of type 'uint8_t * {aka unsigned char *}'
 int  strcmp (const char *, const char *);
      ^~~~~~
../src/main.c:545:14: warning: variable 'uiSerRecv' set but not used [-Wunused-but-set-variable]
     uint32_t uiSerRecv;
              ^~~~~~~~~
../src/main.c:533:23: warning: variable 'uiSec' set but not used [-Wunused-but-set-variable]
     uint32_t uiTicks, uiSec;
                       ^~~~~
../src/main.c:533:14: warning: unused variable 'uiTicks' [-Wunused-variable]
     uint32_t uiTicks, uiSec;
              ^~~~~~~
At top level:
../src/main.c:287:21: warning: 'TFT_ShieldDetect' defined but not used [-Wunused-function]
 static ShieldStatus TFT_ShieldDetect(void)
                     ^~~~~~~~~~~~~~~~
Finished building: ../src/main.c
 
Building target: HW05.elf
Invoking: MCU GCC Linker
arm-none-eabi-gcc -mcpu=cortex-m4 -mthumb -mfloat-abi=hard -mfpu=fpv4-sp-d16 -T"/home/d/Studies/Clang/HW/h5/HW05/LinkerScript.ld" -Wl,-Map=output.map -Wl,--gc-sections -o "HW05.elf" @"objects.list"   -lm
Finished building target: HW05.elf
 
make --no-print-directory post-build
Generating binary and Printing size information:
arm-none-eabi-objcopy -O binary "HW05.elf" "HW05.bin"
arm-none-eabi-size "HW05.elf"
   text	   data	    bss	    dec	    hex	filename
  37492	   2272	   3796	  43560	   aa28	HW05.elf
 
15:36:54 **** Incremental Build of configuration Debug for project HW05 ****
make -j8 all 
Building file: ../src/main.c
Invoking: MCU GCC Compiler
/home/d/Studies/Clang/HW/h5/HW05/Debug
[...]
../src/main.c:626:43: warning: pointer targets in passing argument 2 of 'HAL_UART_Transmit' differ in signedness [-Wpointer-sign]
               HAL_UART_Transmit( &hUART2, "COP", sizeof("COP"), 0xFFFF);
                                           ^~~~~
In file included from /home/d/Studies/Clang/HW/h5/HW05/HAL_Driver/Inc/stm32f4xx_hal_conf.h:357:0,
                 from /home/d/Studies/Clang/HW/h5/HW05/HAL_Driver/Inc/stm32f4xx_hal.h:48,
                 from /home/d/Studies/Clang/HW/h5/HW05/CMSIS/device/stm32f4xx.h:232,
                 from ../src/main.c:15:
/home/d/Studies/Clang/HW/h5/HW05/HAL_Driver/Inc/stm32f4xx_hal_uart.h:647:19: note: expected 'uint8_t * {aka unsigned char *}' but argument is of type 'char *'
 HAL_StatusTypeDef HAL_UART_Transmit(UART_HandleTypeDef *huart, uint8_t *pData, uint16_t Size, uint32_t Timeout);
                   ^~~~~~~~~~~~~~~~~
../src/main.c:651:15: warning: unused variable 'rec' [-Wunused-variable]
           int rec = sscanf( coms, "DRAW:CIRCLE %d,%d,%d", &data[0], &data[1], &data[2] );
               ^~~
../src/main.c:661:15: warning: unused variable 'rec' [-Wunused-variable]
           int rec = sscanf( coms, "DRAW:LINE %d,%d,%d,%d", &data[0], &data[1], &data[2], &data[3] );
               ^~~
../src/main.c:700:15: warning: unused variable 'rec' [-Wunused-variable]
           int rec = sscanf( coms, "DRAW:CIRCLE %d,%d,%d", &data[0], &data[1], &data[2] );
               ^~~
../src/main.c:710:15: warning: unused variable 'rec' [-Wunused-variable]
           int rec = sscanf( coms, "DRAW:LINE %d,%d,%d,%d", &data[0], &data[1], &data[2], &data[3] );
               ^~~
../src/main.c:543:14: warning: variable 'uiSerRecv' set but not used [-Wunused-but-set-variable]
     uint32_t uiSerRecv;
              ^~~~~~~~~
../src/main.c:533:27: warning: variable 'uiDispCentY' set but not used [-Wunused-but-set-variable]
     uint32_t uiDispCentX, uiDispCentY;
                           ^~~~~~~~~~~
../src/main.c:533:14: warning: variable 'uiDispCentX' set but not used [-Wunused-but-set-variable]
     uint32_t uiDispCentX, uiDispCentY;
              ^~~~~~~~~~~
../src/main.c:531:23: warning: variable 'uiSec' set but not used [-Wunused-but-set-variable]
     uint32_t uiTicks, uiSec;
                       ^~~~~
../src/main.c:531:14: warning: unused variable 'uiTicks' [-Wunused-variable]
     uint32_t uiTicks, uiSec;
              ^~~~~~~
At top level:
../src/main.c:287:21: warning: 'TFT_ShieldDetect' defined but not used [-Wunused-function]
 static ShieldStatus TFT_ShieldDetect(void)
                     ^~~~~~~~~~~~~~~~
Finished building: ../src/main.c
 
Building target: HW05.elf
Invoking: MCU GCC Linker
arm-none-eabi-gcc -mcpu=cortex-m4 -mthumb -mfloat-abi=hard -mfpu=fpv4-sp-d16 -T"/home/d/Studies/Clang/HW/h5/HW05/LinkerScript.ld" -Wl,-Map=output.map -Wl,--gc-sections -o "HW05.elf" @"objects.list"   -lm
Finished building target: HW05.elf
 
make --no-print-directory post-build
Generating binary and Printing size information:
arm-none-eabi-objcopy -O binary "HW05.elf" "HW05.bin"
arm-none-eabi-size "HW05.elf"
   text	   data	    bss	    dec	    hex	filename
  70700	   2644	   3800	  77144	  12d58	HW05.elf
 
15:04:56 **** Incremental Build of configuration Debug for project HW05 ****
make -j8 all 
Building file: ../src/main.c
Invoking: MCU GCC Compiler
/home/d/Studies/Clang/HW/h5/HW05/Debug
arm-none-eabi-gcc -mcpu=cortex-m4 -mthumb -mfloat-abi=hard -mfpu=fpv4-sp-d16 -DNUCLEO_F446RE -DSTM32F4 -DSTM32F446RETx -DSTM32 -DDEBUG -DUSE_HAL_DRIVER -DSTM32F446xx -I"/home/d/Studies/Clang/HW/h5/HW05/inc" -I"/home/d/Studies/Clang/HW/h5/HW05/lib" -I"/home/d/Studies/Clang/HW/h5/HW05/CMSIS/core" -I"/home/d/Studies/Clang/HW/h5/HW05/CMSIS/device" -I"/home/d/Studies/Clang/HW/h5/HW05/HAL_Driver/Inc/Legacy" -I"/home/d/Studies/Clang/HW/h5/HW05/HAL_Driver/Inc" -I"/home/d/Studies/Clang/HW/h5/HW05/Utilities/STM32F4xx-Nucleo" -O0 -g3 -Wall -fmessage-length=0 -ffunction-sections -c -MMD -MP -MF"src/main.d" -MT"src/main.o" -o "src/main.o" "../src/main.c"
../src/main.c:528:6: warning: return type of 'main' is not 'int' [-Wmain]
 void main(void)
      ^~~~
../src/main.c: In function 'main':
../src/main.c:601:50: warning: pointer targets in passing argument 2 of 'HAL_UART_Receive' differ in signedness [-Wpointer-sign]
         oRecvStatus = HAL_UART_Receive( &hUART2, chArr, 1, 1000 );
                                                  ^~~~~
In file included from /home/d/Studies/Clang/HW/h5/HW05/HAL_Driver/Inc/stm32f4xx_hal_conf.h:357:0,
                 from /home/d/Studies/Clang/HW/h5/HW05/HAL_Driver/Inc/stm32f4xx_hal.h:48,
                 from /home/d/Studies/Clang/HW/h5/HW05/CMSIS/device/stm32f4xx.h:232,
                 from ../src/main.c:15:
/home/d/Studies/Clang/HW/h5/HW05/HAL_Driver/Inc/stm32f4xx_hal_uart.h:648:19: note: expected 'uint8_t * {aka unsigned char *}' but argument is of type 'char *'
 HAL_StatusTypeDef HAL_UART_Receive(UART_HandleTypeDef *huart, uint8_t *pData, uint16_t Size, uint32_t Timeout);
                   ^~~~~~~~~~~~~~~~
../src/main.c:627:43: warning: pointer targets in passing argument 2 of 'HAL_UART_Transmit' differ in signedness [-Wpointer-sign]
               HAL_UART_Transmit( &hUART2, "COP", sizeof("COP"), 0xFFFF);
                                           ^~~~~
In file included from /home/d/Studies/Clang/HW/h5/HW05/HAL_Driver/Inc/stm32f4xx_hal_conf.h:357:0,
                 from /home/d/Studies/Clang/HW/h5/HW05/HAL_Driver/Inc/stm32f4xx_hal.h:48,
                 from /home/d/Studies/Clang/HW/h5/HW05/CMSIS/device/stm32f4xx.h:232,
                 from ../src/main.c:15:
/home/d/Studies/Clang/HW/h5/HW05/HAL_Driver/Inc/stm32f4xx_hal_uart.h:647:19: note: expected 'uint8_t * {aka unsigned char *}' but argument is of type 'char *'
 HAL_StatusTypeDef HAL_UART_Transmit(UART_HandleTypeDef *huart, uint8_t *pData, uint16_t Size, uint32_t Timeout);
                   ^~~~~~~~~~~~~~~~~
../src/main.c:652:15: warning: unused variable 'rec' [-Wunused-variable]
           int rec = sscanf( coms, "DRAW:CIRCLE %d,%d,%d", &data[0], &data[1], &data[2] );
               ^~~
../src/main.c:662:15: warning: unused variable 'rec' [-Wunused-variable]
           int rec = sscanf( coms, "DRAW:LINE %d,%d,%d,%d", &data[0], &data[1], &data[2], &data[3] );
               ^~~
../src/main.c:701:15: warning: unused variable 'rec' [-Wunused-variable]
           int rec = sscanf( coms, "DRAW:CIRCLE %d,%d,%d", &data[0], &data[1], &data[2] );
               ^~~
../src/main.c:711:15: warning: unused variable 'rec' [-Wunused-variable]
           int rec = sscanf( coms, "DRAW:LINE %d,%d,%d,%d", &data[0], &data[1], &data[2], &data[3] );
               ^~~
../src/main.c:543:14: warning: variable 'uiSerRecv' set but not used [-Wunused-but-set-variable]
     uint32_t uiSerRecv;
              ^~~~~~~~~
../src/main.c:533:27: warning: variable 'uiDispCentY' set but not used [-Wunused-but-set-variable]
     uint32_t uiDispCentX, uiDispCentY;
                           ^~~~~~~~~~~
../src/main.c:533:14: warning: variable 'uiDispCentX' set but not used [-Wunused-but-set-variable]
     uint32_t uiDispCentX, uiDispCentY;
              ^~~~~~~~~~~
../src/main.c:531:23: warning: variable 'uiSec' set but not used [-Wunused-but-set-variable]
     uint32_t uiTicks, uiSec;
                       ^~~~~
../src/main.c:531:14: warning: unused variable 'uiTicks' [-Wunused-variable]
     uint32_t uiTicks, uiSec;
              ^~~~~~~
At top level:
../src/main.c:287:21: warning: 'TFT_ShieldDetect' defined but not used [-Wunused-function]
 static ShieldStatus TFT_ShieldDetect(void)
                     ^~~~~~~~~~~~~~~~
Finished building: ../src/main.c
 
Building target: HW05.elf
Invoking: MCU GCC Linker
arm-none-eabi-gcc -mcpu=cortex-m4 -mthumb -mfloat-abi=hard -mfpu=fpv4-sp-d16 -T"/home/d/Studies/Clang/HW/h5/HW05/LinkerScript.ld" -Wl,-Map=output.map -Wl,--gc-sections -o "HW05.elf" @"objects.list"   -lm
Finished building target: HW05.elf
 
make --no-print-directory post-build
Generating binary and Printing size information:
arm-none-eabi-objcopy -O binary "HW05.elf" "HW05.bin"
arm-none-eabi-size "HW05.elf"
   text	   data	    bss	    dec	    hex	filename
  70716	   2644	   3800	  77160	  12d68	HW05.elf
 
15:05:37 **** Incremental Build of configuration Debug for project HW05 ****
make -j8 all 
Building file: ../src/main.c
Invoking: MCU GCC Compiler
/home/d/Studies/Clang/HW/h5/HW05/Debug
arm-none-eabi-gcc -mcpu=cortex-m4 -mthumb -mfloat-abi=hard -mfpu=fpv4-sp-d16 -DNUCLEO_F446RE -DSTM32F4 -DSTM32F446RETx -DSTM32 -DDEBUG -DUSE_HAL_DRIVER -DSTM32F446xx -I"/home/d/Studies/Clang/HW/h5/HW05/inc" -I"/home/d/Studies/Clang/HW/h5/HW05/lib" -I"/home/d/Studies/Clang/HW/h5/HW05/CMSIS/core" -I"/home/d/Studies/Clang/HW/h5/HW05/CMSIS/device" -I"/home/d/Studies/Clang/HW/h5/HW05/HAL_Driver/Inc/Legacy" -I"/home/d/Studies/Clang/HW/h5/HW05/HAL_Driver/Inc" -I"/home/d/Studies/Clang/HW/h5/HW05/Utilities/STM32F4xx-Nucleo" -O0 -g3 -Wall -fmessage-length=0 -ffunction-sections -c -MMD -MP -MF"src/main.d" -MT"src/main.o" -o "src/main.o" "../src/main.c"
../src/main.c:528:6: warning: return type of 'main' is not 'int' [-Wmain]
 void main(void)
      ^~~~
../src/main.c: In function 'main':
../src/main.c:601:50: warning: pointer targets in passing argument 2 of 'HAL_UART_Receive' differ in signedness [-Wpointer-sign]
         oRecvStatus = HAL_UART_Receive( &hUART2, chArr, 1, 1000 );
                                                  ^~~~~
In file included from /home/d/Studies/Clang/HW/h5/HW05/HAL_Driver/Inc/stm32f4xx_hal_conf.h:357:0,
                 from /home/d/Studies/Clang/HW/h5/HW05/HAL_Driver/Inc/stm32f4xx_hal.h:48,
                 from /home/d/Studies/Clang/HW/h5/HW05/CMSIS/device/stm32f4xx.h:232,
                 from ../src/main.c:15:
/home/d/Studies/Clang/HW/h5/HW05/HAL_Driver/Inc/stm32f4xx_hal_uart.h:648:19: note: expected 'uint8_t * {aka unsigned char *}' but argument is of type 'char *'
 HAL_StatusTypeDef HAL_UART_Receive(UART_HandleTypeDef *huart, uint8_t *pData, uint16_t Size, uint32_t Timeout);
                   ^~~~~~~~~~~~~~~~
../src/main.c:616:42: warning: pointer targets in passing argument 2 of 'HAL_UART_Transmit' differ in signedness [-Wpointer-sign]
               HAL_UART_Transmit(&hUART2, chArr, 1,10);
                                          ^~~~~
In file included from /home/d/Studies/Clang/HW/h5/HW05/HAL_Driver/Inc/stm32f4xx_hal_conf.h:357:0,
                 from /home/d/Studies/Clang/HW/h5/HW05/HAL_Driver/Inc/stm32f4xx_hal.h:48,
                 from /home/d/Studies/Clang/HW/h5/HW05/CMSIS/device/stm32f4xx.h:232,
                 from ../src/main.c:15:
/home/d/Studies/Clang/HW/h5/HW05/HAL_Driver/Inc/stm32f4xx_hal_uart.h:647:19: note: expected 'uint8_t * {aka unsigned char *}' but argument is of type 'char *'
 HAL_StatusTypeDef HAL_UART_Transmit(UART_HandleTypeDef *huart, uint8_t *pData, uint16_t Size, uint32_t Timeout);
                   ^~~~~~~~~~~~~~~~~
../src/main.c:627:43: warning: pointer targets in passing argument 2 of 'HAL_UART_Transmit' differ in signedness [-Wpointer-sign]
               HAL_UART_Transmit( &hUART2, "COP", sizeof("COP"), 0xFFFF);
                                           ^~~~~
In file included from /home/d/Studies/Clang/HW/h5/HW05/HAL_Driver/Inc/stm32f4xx_hal_conf.h:357:0,
                 from /home/d/Studies/Clang/HW/h5/HW05/HAL_Driver/Inc/stm32f4xx_hal.h:48,
                 from /home/d/Studies/Clang/HW/h5/HW05/CMSIS/device/stm32f4xx.h:232,
                 from ../src/main.c:15:
/home/d/Studies/Clang/HW/h5/HW05/HAL_Driver/Inc/stm32f4xx_hal_uart.h:647:19: note: expected 'uint8_t * {aka unsigned char *}' but argument is of type 'char *'
 HAL_StatusTypeDef HAL_UART_Transmit(UART_HandleTypeDef *huart, uint8_t *pData, uint16_t Size, uint32_t Timeout);
                   ^~~~~~~~~~~~~~~~~
../src/main.c:652:15: warning: unused variable 'rec' [-Wunused-variable]
           int rec = sscanf( coms, "DRAW:CIRCLE %d,%d,%d", &data[0], &data[1], &data[2] );
               ^~~
../src/main.c:662:15: warning: unused variable 'rec' [-Wunused-variable]
           int rec = sscanf( coms, "DRAW:LINE %d,%d,%d,%d", &data[0], &data[1], &data[2], &data[3] );
               ^~~
../src/main.c:701:15: warning: unused variable 'rec' [-Wunused-variable]
           int rec = sscanf( coms, "DRAW:CIRCLE %d,%d,%d", &data[0], &data[1], &data[2] );
               ^~~
../src/main.c:711:15: warning: unused variable 'rec' [-Wunused-variable]
           int rec = sscanf( coms, "DRAW:LINE %d,%d,%d,%d", &data[0], &data[1], &data[2], &data[3] );
               ^~~
../src/main.c:543:14: warning: variable 'uiSerRecv' set but not used [-Wunused-but-set-variable]
     uint32_t uiSerRecv;
              ^~~~~~~~~
../src/main.c:533:27: warning: variable 'uiDispCentY' set but not used [-Wunused-but-set-variable]
     uint32_t uiDispCentX, uiDispCentY;
                           ^~~~~~~~~~~
../src/main.c:533:14: warning: variable 'uiDispCentX' set but not used [-Wunused-but-set-variable]
     uint32_t uiDispCentX, uiDispCentY;
              ^~~~~~~~~~~
../src/main.c:531:23: warning: variable 'uiSec' set but not used [-Wunused-but-set-variable]
     uint32_t uiTicks, uiSec;
                       ^~~~~
../src/main.c:531:14: warning: unused variable 'uiTicks' [-Wunused-variable]
     uint32_t uiTicks, uiSec;
              ^~~~~~~
At top level:
../src/main.c:287:21: warning: 'TFT_ShieldDetect' defined but not used [-Wunused-function]
 static ShieldStatus TFT_ShieldDetect(void)
                     ^~~~~~~~~~~~~~~~
Finished building: ../src/main.c
 
Building target: HW05.elf
Invoking: MCU GCC Linker
arm-none-eabi-gcc -mcpu=cortex-m4 -mthumb -mfloat-abi=hard -mfpu=fpv4-sp-d16 -T"/home/d/Studies/Clang/HW/h5/HW05/LinkerScript.ld" -Wl,-Map=output.map -Wl,--gc-sections -o "HW05.elf" @"objects.list"   -lm
Finished building target: HW05.elf
 
make --no-print-directory post-build
Generating binary and Printing size information:
arm-none-eabi-objcopy -O binary "HW05.elf" "HW05.bin"
arm-none-eabi-size "HW05.elf"
   text	   data	    bss	    dec	    hex	filename
  70716	   2644	   3800	  77160	  12d68	HW05.elf
 
15:07:02 **** Incremental Build of configuration Debug for project HW05 ****
make -j8 all 
Building file: ../src/main.c
Invoking: MCU GCC Compiler
/home/d/Studies/Clang/HW/h5/HW05/Debug
arm-none-eabi-gcc -mcpu=cortex-m4 -mthumb -mfloat-abi=hard -mfpu=fpv4-sp-d16 -DNUCLEO_F446RE -DSTM32F4 -DSTM32F446RETx -DSTM32 -DDEBUG -DUSE_HAL_DRIVER -DSTM32F446xx -I"/home/d/Studies/Clang/HW/h5/HW05/inc" -I"/home/d/Studies/Clang/HW/h5/HW05/lib" -I"/home/d/Studies/Clang/HW/h5/HW05/CMSIS/core" -I"/home/d/Studies/Clang/HW/h5/HW05/CMSIS/device" -I"/home/d/Studies/Clang/HW/h5/HW05/HAL_Driver/Inc/Legacy" -I"/home/d/Studies/Clang/HW/h5/HW05/HAL_Driver/Inc" -I"/home/d/Studies/Clang/HW/h5/HW05/Utilities/STM32F4xx-Nucleo" -O0 -g3 -Wall -fmessage-length=0 -ffunction-sections -c -MMD -MP -MF"src/main.d" -MT"src/main.o" -o "src/main.o" "../src/main.c"
../src/main.c:528:6: warning: return type of 'main' is not 'int' [-Wmain]
 void main(void)
      ^~~~
../src/main.c: In function 'main':
../src/main.c:601:50: warning: pointer targets in passing argument 2 of 'HAL_UART_Receive' differ in signedness [-Wpointer-sign]
         oRecvStatus = HAL_UART_Receive( &hUART2, chArr, 1, 1000 );
                                                  ^~~~~
In file included from /home/d/Studies/Clang/HW/h5/HW05/HAL_Driver/Inc/stm32f4xx_hal_conf.h:357:0,
                 from /home/d/Studies/Clang/HW/h5/HW05/HAL_Driver/Inc/stm32f4xx_hal.h:48,
                 from /home/d/Studies/Clang/HW/h5/HW05/CMSIS/device/stm32f4xx.h:232,
                 from ../src/main.c:15:
/home/d/Studies/Clang/HW/h5/HW05/HAL_Driver/Inc/stm32f4xx_hal_uart.h:648:19: note: expected 'uint8_t * {aka unsigned char *}' but argument is of type 'char *'
 HAL_StatusTypeDef HAL_UART_Receive(UART_HandleTypeDef *huart, uint8_t *pData, uint16_t Size, uint32_t Timeout);
                   ^~~~~~~~~~~~~~~~
../src/main.c:616:42: warning: pointer targets in passing argument 2 of 'HAL_UART_Transmit' differ in signedness [-Wpointer-sign]
               HAL_UART_Transmit(&hUART2, chArr, 1,10);
                                          ^~~~~
In file included from /home/d/Studies/Clang/HW/h5/HW05/HAL_Driver/Inc/stm32f4xx_hal_conf.h:357:0,
                 from /home/d/Studies/Clang/HW/h5/HW05/HAL_Driver/Inc/stm32f4xx_hal.h:48,
                 from /home/d/Studies/Clang/HW/h5/HW05/CMSIS/device/stm32f4xx.h:232,
                 from ../src/main.c:15:
/home/d/Studies/Clang/HW/h5/HW05/HAL_Driver/Inc/stm32f4xx_hal_uart.h:647:19: note: expected 'uint8_t * {aka unsigned char *}' but argument is of type 'char *'
 HAL_StatusTypeDef HAL_UART_Transmit(UART_HandleTypeDef *huart, uint8_t *pData, uint16_t Size, uint32_t Timeout);
                   ^~~~~~~~~~~~~~~~~
../src/main.c:622:43: warning: pointer targets in passing argument 2 of 'HAL_UART_Transmit' differ in signedness [-Wpointer-sign]
               HAL_UART_Transmit( &hUART2, "COP", sizeof("COP"), 0xFFFF);
                                           ^~~~~
In file included from /home/d/Studies/Clang/HW/h5/HW05/HAL_Driver/Inc/stm32f4xx_hal_conf.h:357:0,
                 from /home/d/Studies/Clang/HW/h5/HW05/HAL_Driver/Inc/stm32f4xx_hal.h:48,
                 from /home/d/Studies/Clang/HW/h5/HW05/CMSIS/device/stm32f4xx.h:232,
                 from ../src/main.c:15:
/home/d/Studies/Clang/HW/h5/HW05/HAL_Driver/Inc/stm32f4xx_hal_uart.h:647:19: note: expected 'uint8_t * {aka unsigned char *}' but argument is of type 'char *'
 HAL_StatusTypeDef HAL_UART_Transmit(UART_HandleTypeDef *huart, uint8_t *pData, uint16_t Size, uint32_t Timeout);
                   ^~~~~~~~~~~~~~~~~
../src/main.c:653:15: warning: unused variable 'rec' [-Wunused-variable]
           int rec = sscanf( coms, "DRAW:CIRCLE %d,%d,%d", &data[0], &data[1], &data[2] );
               ^~~
../src/main.c:663:15: warning: unused variable 'rec' [-Wunused-variable]
           int rec = sscanf( coms, "DRAW:LINE %d,%d,%d,%d", &data[0], &data[1], &data[2], &data[3] );
               ^~~
../src/main.c:702:15: warning: unused variable 'rec' [-Wunused-variable]
           int rec = sscanf( coms, "DRAW:CIRCLE %d,%d,%d", &data[0], &data[1], &data[2] );
               ^~~
../src/main.c:712:15: warning: unused variable 'rec' [-Wunused-variable]
           int rec = sscanf( coms, "DRAW:LINE %d,%d,%d,%d", &data[0], &data[1], &data[2], &data[3] );
               ^~~
../src/main.c:543:14: warning: variable 'uiSerRecv' set but not used [-Wunused-but-set-variable]
     uint32_t uiSerRecv;
              ^~~~~~~~~
../src/main.c:533:27: warning: variable 'uiDispCentY' set but not used [-Wunused-but-set-variable]
     uint32_t uiDispCentX, uiDispCentY;
                           ^~~~~~~~~~~
../src/main.c:533:14: warning: variable 'uiDispCentX' set but not used [-Wunused-but-set-variable]
     uint32_t uiDispCentX, uiDispCentY;
              ^~~~~~~~~~~
../src/main.c:531:23: warning: variable 'uiSec' set but not used [-Wunused-but-set-variable]
     uint32_t uiTicks, uiSec;
                       ^~~~~
../src/main.c:531:14: warning: unused variable 'uiTicks' [-Wunused-variable]
     uint32_t uiTicks, uiSec;
              ^~~~~~~
At top level:
../src/main.c:287:21: warning: 'TFT_ShieldDetect' defined but not used [-Wunused-function]
 static ShieldStatus TFT_ShieldDetect(void)
                     ^~~~~~~~~~~~~~~~
Finished building: ../src/main.c
 
Building target: HW05.elf
Invoking: MCU GCC Linker
arm-none-eabi-gcc -mcpu=cortex-m4 -mthumb -mfloat-abi=hard -mfpu=fpv4-sp-d16 -T"/home/d/Studies/Clang/HW/h5/HW05/LinkerScript.ld" -Wl,-Map=output.map -Wl,--gc-sections -o "HW05.elf" @"objects.list"   -lm
Finished building target: HW05.elf
 
make --no-print-directory post-build
Generating binary and Printing size information:
arm-none-eabi-objcopy -O binary "HW05.elf" "HW05.bin"
arm-none-eabi-size "HW05.elf"
   text	   data	    bss	    dec	    hex	filename
  70716	   2644	   3800	  77160	  12d68	HW05.elf
 
